Archive member included because of file (symbol)

d:/program files (x86)/microchip/xc32/v2.05/bin/bin/../../lib/gcc/pic32mx/4.8.3/../../../../pic32mx/lib/micromips\libpic32.a(default-bootstrap-exception-handler.o)
                              d:/program files (x86)/microchip/xc32/v2.05/bin/bin/../../lib/gcc/pic32mx/4.8.3/../../../../pic32mx/lib/./proc/32MM0256GPM048/crt0_micromips.o (_bootstrap_exception_handler)
d:/program files (x86)/microchip/xc32/v2.05/bin/bin/../../lib/gcc/pic32mx/4.8.3/../../../../pic32mx/lib/micromips\libpic32.a(default-on-reset.o)
                              d:/program files (x86)/microchip/xc32/v2.05/bin/bin/../../lib/gcc/pic32mx/4.8.3/../../../../pic32mx/lib/./proc/32MM0256GPM048/crt0_micromips.o (_on_reset)
d:/program files (x86)/microchip/xc32/v2.05/bin/bin/../../lib/gcc/pic32mx/4.8.3/../../../../pic32mx/lib/micromips\libpic32.a(default-on-bootstrap.o)
                              d:/program files (x86)/microchip/xc32/v2.05/bin/bin/../../lib/gcc/pic32mx/4.8.3/../../../../pic32mx/lib/./proc/32MM0256GPM048/crt0_micromips.o (_on_bootstrap)
d:/program files (x86)/microchip/xc32/v2.05/bin/bin/../../lib/gcc/pic32mx/4.8.3/../../../../pic32mx/lib/micromips\libpic32.a(default-nmi-handler.o)
                              d:/program files (x86)/microchip/xc32/v2.05/bin/bin/../../lib/gcc/pic32mx/4.8.3/../../../../pic32mx/lib/./proc/32MM0256GPM048/crt0_micromips.o (_nmi_handler)
d:/program files (x86)/microchip/xc32/v2.05/bin/bin/../../lib/gcc/pic32mx/4.8.3/../../../../pic32mx/lib/micromips\libpic32.a(general-exception.o)
                              d:/program files (x86)/microchip/xc32/v2.05/bin/bin/../../lib/gcc/pic32mx/4.8.3/../../../../pic32mx/lib/./proc/32MM0256GPM048/crt0_micromips.o (_general_exception_context)
d:/program files (x86)/microchip/xc32/v2.05/bin/bin/../../lib/gcc/pic32mx/4.8.3/../../../../pic32mx/lib/micromips\libpic32.a(vector1.o)
                              d:/program files (x86)/microchip/xc32/v2.05/bin/bin/../../lib/gcc/pic32mx/4.8.3/../../../../pic32mx/lib/./proc/32MM0256GPM048\default_isr_vectors.o (__vector_dispatch_1)
d:/program files (x86)/microchip/xc32/v2.05/bin/bin/../../lib/gcc/pic32mx/4.8.3/../../../../pic32mx/lib/micromips\libpic32.a(vector2.o)
                              d:/program files (x86)/microchip/xc32/v2.05/bin/bin/../../lib/gcc/pic32mx/4.8.3/../../../../pic32mx/lib/./proc/32MM0256GPM048\default_isr_vectors.o (__vector_dispatch_2)
d:/program files (x86)/microchip/xc32/v2.05/bin/bin/../../lib/gcc/pic32mx/4.8.3/../../../../pic32mx/lib/micromips\libpic32.a(vector3.o)
                              d:/program files (x86)/microchip/xc32/v2.05/bin/bin/../../lib/gcc/pic32mx/4.8.3/../../../../pic32mx/lib/./proc/32MM0256GPM048\default_isr_vectors.o (__vector_dispatch_3)
d:/program files (x86)/microchip/xc32/v2.05/bin/bin/../../lib/gcc/pic32mx/4.8.3/../../../../pic32mx/lib/micromips\libpic32.a(vector4.o)
                              d:/program files (x86)/microchip/xc32/v2.05/bin/bin/../../lib/gcc/pic32mx/4.8.3/../../../../pic32mx/lib/./proc/32MM0256GPM048\default_isr_vectors.o (__vector_dispatch_4)
d:/program files (x86)/microchip/xc32/v2.05/bin/bin/../../lib/gcc/pic32mx/4.8.3/../../../../pic32mx/lib/micromips\libpic32.a(vector5.o)
                              d:/program files (x86)/microchip/xc32/v2.05/bin/bin/../../lib/gcc/pic32mx/4.8.3/../../../../pic32mx/lib/./proc/32MM0256GPM048\default_isr_vectors.o (__vector_dispatch_5)
d:/program files (x86)/microchip/xc32/v2.05/bin/bin/../../lib/gcc/pic32mx/4.8.3/../../../../pic32mx/lib/micromips\libpic32.a(vector6.o)
                              d:/program files (x86)/microchip/xc32/v2.05/bin/bin/../../lib/gcc/pic32mx/4.8.3/../../../../pic32mx/lib/./proc/32MM0256GPM048\default_isr_vectors.o (__vector_dispatch_6)
d:/program files (x86)/microchip/xc32/v2.05/bin/bin/../../lib/gcc/pic32mx/4.8.3/../../../../pic32mx/lib/micromips\libpic32.a(vector7.o)
                              d:/program files (x86)/microchip/xc32/v2.05/bin/bin/../../lib/gcc/pic32mx/4.8.3/../../../../pic32mx/lib/./proc/32MM0256GPM048\default_isr_vectors.o (__vector_dispatch_7)
d:/program files (x86)/microchip/xc32/v2.05/bin/bin/../../lib/gcc/pic32mx/4.8.3/../../../../pic32mx/lib/micromips\libpic32.a(vector11.o)
                              d:/program files (x86)/microchip/xc32/v2.05/bin/bin/../../lib/gcc/pic32mx/4.8.3/../../../../pic32mx/lib/./proc/32MM0256GPM048\default_isr_vectors.o (__vector_dispatch_11)
d:/program files (x86)/microchip/xc32/v2.05/bin/bin/../../lib/gcc/pic32mx/4.8.3/../../../../pic32mx/lib/micromips\libpic32.a(vector12.o)
                              d:/program files (x86)/microchip/xc32/v2.05/bin/bin/../../lib/gcc/pic32mx/4.8.3/../../../../pic32mx/lib/./proc/32MM0256GPM048\default_isr_vectors.o (__vector_dispatch_12)
d:/program files (x86)/microchip/xc32/v2.05/bin/bin/../../lib/gcc/pic32mx/4.8.3/../../../../pic32mx/lib/micromips\libpic32.a(vector13.o)
[...]
Memory Configuration

Name             Origin             Length             Attributes
kseg0_data_mem   0x80000000         0x00008000         w !x
kseg1_data_mem   0xa0000000         0x00000200
kseg0_boot_mem   0x9fc00490         0x00000000
kseg1_boot_mem   0xbfc00000         0x00000490
kseg0_program_mem 0x9d000000         0x00040000         xr
debug_exec_mem   0x9fc00490         0x00000760
config_BFC01744  0xbfc01744         0x00000004
config_BFC01748  0xbfc01748         0x00000004
config_BFC0174C  0xbfc0174c         0x00000004
config_BFC01750  0xbfc01750         0x00000004
config_BFC01754  0xbfc01754         0x00000004
config_BFC01758  0xbfc01758         0x00000004
config_BFC01760  0xbfc01760         0x00000004
config_BFC017C4  0xbfc017c4         0x00000004
config_BFC017C8  0xbfc017c8         0x00000004
config_BFC017CC  0xbfc017cc         0x00000004
config_BFC017D0  0xbfc017d0         0x00000004
config_BFC017D4  0xbfc017d4         0x00000004
config_BFC017D8  0xbfc017d8         0x00000004
config_BFC017E0  0xbfc017e0         0x00000004
sfrs             0xbf800000         0x00100000
configsfrs_BFC01740 0xbfc01740         0x0000001c
configsfrs_BFC017C0 0xbfc017c0         0x0000001c
*default*        0x00000000         0xffffffff

Linker script and memory map


reserve_data_0_kseg0
                0x80000000      0x200
                0x80000000        0x2 SHORT 0x0
                0x000001fd                . = 0x1fd
 *fill*         0x80000002      0x1fb 
                0x80000200                . = ALIGN (0x4)
 *fill*         0x800001fd        0x3 

reserve_data_0_kseg1
                0xa0000000      0x200
                0xa0000000        0x2 SHORT 0x0
                0x000001fd                . = 0x1fd
 *fill*         0xa0000002      0x1fb 
                0xa0000200                . = ALIGN (0x4)
 *fill*         0xa00001fd        0x3 

reserve_boot_0x1fc00490_kseg0
                0x9fc00490     0x1270
                0x9fc00490        0x2 SHORT 0x0
                0x00000760                . = 0x760
 *fill*         0x9fc00492      0x75e 
                0x9fc00bf0                . = ALIGN (0x4)
                0x9fc00bf0        0x2 SHORT 0x0
                0x00001270                . = 0x1270
 *fill*         0x9fc00bf2      0xb0e 
                0x9fc01700                . = ALIGN (0x4)

reserve_boot_0x1fc00490_kseg1
                0xbfc00490     0x1270
                0xbfc00490        0x2 SHORT 0x0
                0x00000760                . = 0x760
 *fill*         0xbfc00492      0x75e 
                0xbfc00bf0                . = ALIGN (0x4)
                0xbfc00bf0        0x2 SHORT 0x0
                0x00001270                . = 0x1270
 *fill*         0xbfc00bf2      0xb0e 
                0xbfc01700                . = ALIGN (0x4)
LOAD d:/program files (x86)/microchip/xc32/v2.05/bin/bin/../../lib/gcc/pic32mx/4.8.3/../../../../pic32mx/lib/./proc/32MM0256GPM048/crt0_micromips.o
LOAD d:/program files (x86)/microchip/xc32/v2.05/bin/bin/../../lib/gcc/pic32mx/4.8.3/../../../../pic32mx/lib/micromips\software-debug-break.o
LOAD build/PIC32MM0256_48pin/debug/asm_macro.o
LOAD build/PIC32MM0256_48pin/debug/clock_cfgBits_mm.o
LOAD build/PIC32MM0256_48pin/debug/clock_cfgBits_mz.o
LOAD build/PIC32MM0256_48pin/debug/netcom2.o
LOAD build/PIC32MM0256_48pin/debug/main.o
LOAD build/PIC32MM0256_48pin/debug/globals.o
LOAD build/PIC32MM0256_48pin/debug/timer1.o
LOAD build/PIC32MM0256_48pin/debug/core_fn.o
LOAD build/PIC32MM0256_48pin/debug/_display/ili9341/disp9341.o
LOAD build/PIC32MM0256_48pin/debug/_display/ili9341/disp16_asm.o
LOAD build/PIC32MM0256_48pin/debug/_display/ssd1306/disp1306.o
LOAD build/PIC32MM0256_48pin/debug/_display/graphics.o
LOAD build/PIC32MM0256_48pin/debug/rtc.o
LOAD build/PIC32MM0256_48pin/debug/change_notif_mz.o
LOAD build/PIC32MM0256_48pin/debug/change_notif_mm.o
LOAD build/PIC32MM0256_48pin/debug/spi.o
LOAD build/PIC32MM0256_48pin/debug/portWriter.o
LOAD build/PIC32MM0256_48pin/debug/ubtn2.o
LOAD build/PIC32MM0256_48pin/debug/_touchpad/touchXpt2046.o
LOAD build/PIC32MM0256_48pin/debug/periph.o
LOAD build/PIC32MM0256_48pin/debug/periph_fn.o
LOAD build/PIC32MM0256_48pin/debug/app1.o
LOAD build/PIC32MM0256_48pin/debug/app2.o
LOAD build/PIC32MM0256_48pin/debug/app3.o
LOAD build/PIC32MM0256_48pin/debug/user_apps.o
LOAD build/PIC32MM0256_48pin/debug/appNet.o
                0x00000001                __MPLAB_BUILD = 0x1
                0x00000001                __MPLAB_DEBUG = 0x1
                0x00000001                __DEBUG = 0x1
                0x00000001                ICD3PlatformTool = 0x1
LOAD d:/program files (x86)/microchip/xc32/v2.05/bin/bin/../../lib/gcc/pic32mx/4.8.3/../../../../pic32mx/lib/./proc/32MM0256GPM048\default_isr_vectors.o
LOAD d:/program files (x86)/microchip/xc32/v2.05/bin/bin/../../lib/gcc/pic32mx/4.8.3/../../../../pic32mx/lib/micromips\pic32_software_reset-mm.o
                0x00000400                PROVIDE (_min_stack_size, 0x400)
LOAD d:/program files (x86)/microchip/xc32/v2.05/bin/bin/../../lib/gcc/pic32mx/4.8.3/../../../../pic32mx/lib/./proc/32MM0256GPM048\processor.o
                0x00000001                PROVIDE (_vector_spacing, 0x1)
                0x9d000000                PROVIDE (_ebase_address, 0x9d000000)
                0xbfc00000                _RESET_ADDR = 0xbfc00000
                0xbfc00380                _BEV_EXCPT_ADDR = 0xbfc00380
                0xbfc00480                _DBG_EXCPT_ADDR = 0xbfc00480
                0x9fc00490                _DBG_CODE_ADDR = 0x9fc00490
                0x00000760                _DBG_CODE_SIZE = 0x760
                0x9d000000                _SIMPLE_TLB_REFILL_EXCPT_ADDR = (_ebase_address + 0x0)
                0x9d000180                _GEN_EXCPT_ADDR = (_ebase_address + 0x180)

.config_BFC01744
 *(.config_BFC01744)

.config_BFC01748
 *(.config_BFC01748)

.config_BFC0174C
 *(.config_BFC0174C)

.config_BFC01750
 *(.config_BFC01750)

.config_BFC01754
 *(.config_BFC01754)

.config_BFC01758
 *(.config_BFC01758)

.config_BFC01760
 *(.config_BFC01760)

.config_BFC017C4
                0xbfc017c4        0x4
 *(.config_BFC017C4)
 .config_BFC017C4
                0xbfc017c4        0x4 build/PIC32MM0256_48pin/debug/clock_cfgBits_mm.o

.config_BFC017C8
                0xbfc017c8        0x4
 *(.config_BFC017C8)
 .config_BFC017C8
                0xbfc017c8        0x4 build/PIC32MM0256_48pin/debug/clock_cfgBits_mm.o

.config_BFC017CC
                0xbfc017cc        0x4
 *(.config_BFC017CC)
 .config_BFC017CC
                0xbfc017cc        0x4 build/PIC32MM0256_48pin/debug/clock_cfgBits_mm.o

.config_BFC017D0
                0xbfc017d0        0x4
 *(.config_BFC017D0)
 .config_BFC017D0
                0xbfc017d0        0x4 build/PIC32MM0256_48pin/debug/clock_cfgBits_mm.o

.config_BFC017D4
                0xbfc017d4        0x4
 *(.config_BFC017D4)
 .config_BFC017D4
                0xbfc017d4        0x4 build/PIC32MM0256_48pin/debug/clock_cfgBits_mm.o

.config_BFC017D8
                0xbfc017d8        0x4
 *(.config_BFC017D8)
 .config_BFC017D8
                0xbfc017d8        0x4 build/PIC32MM0256_48pin/debug/clock_cfgBits_mm.o

.config_BFC017E0
 *(.config_BFC017E0)

.reset          0xbfc00000      0x1cc
 *(.reset)
 .reset         0xbfc00000        0x8 d:/program files (x86)/microchip/xc32/v2.05/bin/bin/../../lib/gcc/pic32mx/4.8.3/../../../../pic32mx/lib/./proc/32MM0256GPM048/crt0_micromips.o
                0xbfc00001                _reset
 *(.reset.startup)
 .reset.startup
                0xbfc00008      0x1c4 d:/program files (x86)/microchip/xc32/v2.05/bin/bin/../../lib/gcc/pic32mx/4.8.3/../../../../pic32mx/lib/./proc/32MM0256GPM048/crt0_micromips.o
                0xbfc00009                _startup

.bev_excpt      0xbfc00380        0xc
 *(.bev_handler)
 .bev_handler   0xbfc00380        0xc d:/program files (x86)/microchip/xc32/v2.05/bin/bin/../../lib/gcc/pic32mx/4.8.3/../../../../pic32mx/lib/./proc/32MM0256GPM048/crt0_micromips.o

.dbg_excpt      0xbfc00480        0x0
                0xbfc00480                . = (. + DEFINED (_DEBUGGER)?0x8:0x0)

.dbg_code       0x9fc00490        0x0
                0x9fc00490                . = (. + DEFINED (_DEBUGGER)?_DBG_CODE_SIZE:0x0)

.app_excpt      0x9d000180        0xc
 *(.gen_handler)
 .gen_handler   0x9d000180        0xc d:/program files (x86)/microchip/xc32/v2.05/bin/bin/../../lib/gcc/pic32mx/4.8.3/../../../../pic32mx/lib/./proc/32MM0256GPM048/crt0_micromips.o

.vector_0       0x9d000200        0x8
 *(.vector_0)
 .vector_0      0x9d000200        0x8 build/PIC32MM0256_48pin/debug/main.o
                0x9d000201                __vector_dispatch_0
                0x00000001                ASSERT (((_vector_spacing == 0x0) || (SIZEOF (.vector_0) <= (_vector_spacing << 0x3))), function at exception vector 0 too large)

.vector_1       0x9d000208        0x8
 *(.vector_1)
 .vector_1      0x9d000208        0x8 d:/program files (x86)/microchip/xc32/v2.05/bin/bin/../../lib/gcc/pic32mx/4.8.3/../../../../pic32mx/lib/micromips\libpic32.a(vector1.o)
                0x9d000209                __vector_dispatch_1
                0x00000001                ASSERT (((_vector_spacing == 0x0) || (SIZEOF (.vector_1) <= (_vector_spacing << 0x3))), function at exception vector 1 too large)

.vector_2       0x9d000210        0x8
 *(.vector_2)
 .vector_2      0x9d000210        0x8 d:/program files (x86)/microchip/xc32/v2.05/bin/bin/../../lib/gcc/pic32mx/4.8.3/../../../../pic32mx/lib/micromips\libpic32.a(vector2.o)
                0x9d000211                __vector_dispatch_2
                0x00000001                ASSERT (((_vector_spacing == 0x0) || (SIZEOF (.vector_2) <= (_vector_spacing << 0x3))), function at exception vector 2 too large)

.vector_3       0x9d000218        0x8
 *(.vector_3)
 .vector_3      0x9d000218        0x8 d:/program files (x86)/microchip/xc32/v2.05/bin/bin/../../lib/gcc/pic32mx/4.8.3/../../../../pic32mx/lib/micromips\libpic32.a(vector3.o)
                0x9d000219                __vector_dispatch_3
                0x00000001                ASSERT (((_vector_spacing == 0x0) || (SIZEOF (.vector_3) <= (_vector_spacing << 0x3))), function at exception vector 3 too large)

.vector_4       0x9d000220        0x8
 *(.vector_4)
 .vector_4      0x9d000220        0x8 d:/program files (x86)/microchip/xc32/v2.05/bin/bin/../../lib/gcc/pic32mx/4.8.3/../../../../pic32mx/lib/micromips\libpic32.a(vector4.o)
                0x9d000221                __vector_dispatch_4
                0x00000001                ASSERT (((_vector_spacing == 0x0) || (SIZEOF (.vector_4) <= (_vector_spacing << 0x3))), function at exception vector 4 too large)

.vector_5       0x9d000228        0x8
 *(.vector_5)
 .vector_5      0x9d000228        0x8 d:/program files (x86)/microchip/xc32/v2.05/bin/bin/../../lib/gcc/pic32mx/4.8.3/../../../../pic32mx/lib/micromips\libpic32.a(vector5.o)
                0x9d000229                __vector_dispatch_5
                0x00000001                ASSERT (((_vector_spacing == 0x0) || (SIZEOF (.vector_5) <= (_vector_spacing << 0x3))), function at exception vector 5 too large)

.vector_6       0x9d000230        0x8
 *(.vector_6)
 .vector_6      0x9d000230        0x8 d:/program files (x86)/microchip/xc32/v2.05/bin/bin/../../lib/gcc/pic32mx/4.8.3/../../../../pic32mx/lib/micromips\libpic32.a(vector6.o)
                0x9d000231                __vector_dispatch_6
                0x00000001                ASSERT (((_vector_spacing == 0x0) || (SIZEOF (.vector_6) <= (_vector_spacing << 0x3))), function at exception vector 6 too large)

.vector_7       0x9d000238        0x8
 *(.vector_7)
 .vector_7      0x9d000238        0x8 d:/program files (x86)/microchip/xc32/v2.05/bin/bin/../../lib/gcc/pic32mx/4.8.3/../../../../pic32mx/lib/micromips\libpic32.a(vector7.o)
                0x9d000239                __vector_dispatch_7
                0x00000001                ASSERT (((_vector_spacing == 0x0) || (SIZEOF (.vector_7) <= (_vector_spacing << 0x3))), function at exception vector 7 too large)

.vector_8       0x9d000240        0x8
 *(.vector_8)
 .vector_8      0x9d000240        0x8 build/PIC32MM0256_48pin/debug/main.o
                0x9d000241                __vector_dispatch_8
                0x00000001                ASSERT (((_vector_spacing == 0x0) || (SIZEOF (.vector_8) <= (_vector_spacing << 0x3))), function at exception vector 8 too large)

.vector_9       0x9d000248        0x8
 *(.vector_9)
 .vector_9      0x9d000248        0x8 build/PIC32MM0256_48pin/debug/main.o
                0x9d000249                __vector_dispatch_9
                0x00000001                ASSERT (((_vector_spacing == 0x0) || (SIZEOF (.vector_9) <= (_vector_spacing << 0x3))), function at exception vector 9 too large)

.vector_10      0x9d000250        0x8
 *(.vector_10)
 .vector_10     0x9d000250        0x8 build/PIC32MM0256_48pin/debug/main.o
                0x9d000251                __vector_dispatch_10
                0x00000001                ASSERT (((_vector_spacing == 0x0) || (SIZEOF (.vector_10) <= (_vector_spacing << 0x3))), function at exception vector 10 too large)

.vector_11      0x9d000258        0x8
 *(.vector_11)
 .vector_11     0x9d000258        0x8 d:/program files (x86)/microchip/xc32/v2.05/bin/bin/../../lib/gcc/pic32mx/4.8.3/../../../../pic32mx/lib/micromips\libpic32.a(vector11.o)
                0x9d000259                __vector_dispatch_11
                0x00000001                ASSERT (((_vector_spacing == 0x0) || (SIZEOF (.vector_11) <= (_vector_spacing << 0x3))), function at exception vector 11 too large)

.vector_12      0x9d000260        0x8
 *(.vector_12)
 .vector_12     0x9d000260        0x8 d:/program files (x86)/microchip/xc32/v2.05/bin/bin/../../lib/gcc/pic32mx/4.8.3/../../../../pic32mx/lib/micromips\libpic32.a(vector12.o)
                0x9d000261                __vector_dispatch_12
                0x00000001                ASSERT (((_vector_spacing == 0x0) || (SIZEOF (.vector_12) <= (_vector_spacing << 0x3))), function at exception vector 12 too large)

.vector_13      0x9d000268        0x8
 *(.vector_13)
 .vector_13     0x9d000268        0x8 d:/program files (x86)/microchip/xc32/v2.05/bin/bin/../../lib/gcc/pic32mx/4.8.3/../../../../pic32mx/lib/micromips\libpic32.a(vector13.o)
                0x9d000269                __vector_dispatch_13
                0x00000001                ASSERT (((_vector_spacing == 0x0) || (SIZEOF (.vector_13) <= (_vector_spacing << 0x3))), function at exception vector 13 too large)

.vector_14      0x9d000270        0x8
 *(.vector_14)
 .vector_14     0x9d000270        0x8 d:/program files (x86)/microchip/xc32/v2.05/bin/bin/../../lib/gcc/pic32mx/4.8.3/../../../../pic32mx/lib/micromips\libpic32.a(vector14.o)
                0x9d000271                __vector_dispatch_14
                0x00000001                ASSERT (((_vector_spacing == 0x0) || (SIZEOF (.vector_14) <= (_vector_spacing << 0x3))), function at exception vector 14 too large)

.vector_15      0x9d000278        0x8
 *(.vector_15)
 .vector_15     0x9d000278        0x8 d:/program files (x86)/microchip/xc32/v2.05/bin/bin/../../lib/gcc/pic32mx/4.8.3/../../../../pic32mx/lib/micromips\libpic32.a(vector15.o)
                0x9d000279                __vector_dispatch_15
                0x00000001                ASSERT (((_vector_spacing == 0x0) || (SIZEOF (.vector_15) <= (_vector_spacing << 0x3))), function at exception vector 15 too large)

.vector_16      0x9d000280        0x8
 *(.vector_16)
 .vector_16     0x9d000280        0x8 d:/program files (x86)/microchip/xc32/v2.05/bin/bin/../../lib/gcc/pic32mx/4.8.3/../../../../pic32mx/lib/micromips\libpic32.a(vector16.o)
                0x9d000281                __vector_dispatch_16
                0x00000001                ASSERT (((_vector_spacing == 0x0) || (SIZEOF (.vector_16) <= (_vector_spacing << 0x3))), function at exception vector 16 too large)

.vector_17      0x9d000288        0x8
 *(.vector_17)
 .vector_17     0x9d000288        0x8 build/PIC32MM0256_48pin/debug/main.o
                0x9d000289                __vector_dispatch_17
                0x00000001                ASSERT (((_vector_spacing == 0x0) || (SIZEOF (.vector_17) <= (_vector_spacing << 0x3))), function at exception vector 17 too large)

.vector_18      0x9d000290        0x8
 *(.vector_18)
 .vector_18     0x9d000290        0x8 d:/program files (x86)/microchip/xc32/v2.05/bin/bin/../../lib/gcc/pic32mx/4.8.3/../../../../pic32mx/lib/micromips\libpic32.a(vector18.o)
                0x9d000291                __vector_dispatch_18
                0x00000001                ASSERT (((_vector_spacing == 0x0) || (SIZEOF (.vector_18) <= (_vector_spacing << 0x3))), function at exception vector 18 too large)

.vector_19      0x9d000298        0x8
 *(.vector_19)
 .vector_19     0x9d000298        0x8 d:/program files (x86)/microchip/xc32/v2.05/bin/bin/../../lib/gcc/pic32mx/4.8.3/../../../../pic32mx/lib/micromips\libpic32.a(vector19.o)
                0x9d000299                __vector_dispatch_19
                0x00000001                ASSERT (((_vector_spacing == 0x0) || (SIZEOF (.vector_19) <= (_vector_spacing << 0x3))), function at exception vector 19 too large)

.vector_20      0x9d0002a0        0x8
 *(.vector_20)
 .vector_20     0x9d0002a0        0x8 d:/program files (x86)/microchip/xc32/v2.05/bin/bin/../../lib/gcc/pic32mx/4.8.3/../../../../pic32mx/lib/micromips\libpic32.a(vector20.o)
                0x9d0002a1                __vector_dispatch_20
                0x00000001                ASSERT (((_vector_spacing == 0x0) || (SIZEOF (.vector_20) <= (_vector_spacing << 0x3))), function at exception vector 20 too large)

.vector_21      0x9d0002a8        0x8
 *(.vector_21)
 .vector_21     0x9d0002a8        0x8 d:/program files (x86)/microchip/xc32/v2.05/bin/bin/../../lib/gcc/pic32mx/4.8.3/../../../../pic32mx/lib/micromips\libpic32.a(vector21.o)
                0x9d0002a9                __vector_dispatch_21
                0x00000001                ASSERT (((_vector_spacing == 0x0) || (SIZEOF (.vector_21) <= (_vector_spacing << 0x3))), function at exception vector 21 too large)

.vector_22      0x9d0002b0        0x8
 *(.vector_22)
 .vector_22     0x9d0002b0        0x8 d:/program files (x86)/microchip/xc32/v2.05/bin/bin/../../lib/gcc/pic32mx/4.8.3/../../../../pic32mx/lib/micromips\libpic32.a(vector22.o)
                0x9d0002b1                __vector_dispatch_22
                0x00000001                ASSERT (((_vector_spacing == 0x0) || (SIZEOF (.vector_22) <= (_vector_spacing << 0x3))), function at exception vector 22 too large)

.vector_23      0x9d0002b8        0x8
 *(.vector_23)
 .vector_23     0x9d0002b8        0x8 d:/program files (x86)/microchip/xc32/v2.05/bin/bin/../../lib/gcc/pic32mx/4.8.3/../../../../pic32mx/lib/micromips\libpic32.a(vector23.o)
                0x9d0002b9                __vector_dispatch_23
                0x00000001                ASSERT (((_vector_spacing == 0x0) || (SIZEOF (.vector_23) <= (_vector_spacing << 0x3))), function at exception vector 23 too large)

.vector_24      0x9d0002c0        0x8
 *(.vector_24)
 .vector_24     0x9d0002c0        0x8 d:/program files (x86)/microchip/xc32/v2.05/bin/bin/../../lib/gcc/pic32mx/4.8.3/../../../../pic32mx/lib/micromips\libpic32.a(vector24.o)
                0x9d0002c1                __vector_dispatch_24
                0x00000001                ASSERT (((_vector_spacing == 0x0) || (SIZEOF (.vector_24) <= (_vector_spacing << 0x3))), function at exception vector 24 too large)

.vector_25      0x9d0002c8        0x8
 *(.vector_25)
 .vector_25     0x9d0002c8        0x8 d:/program files (x86)/microchip/xc32/v2.05/bin/bin/../../lib/gcc/pic32mx/4.8.3/../../../../pic32mx/lib/micromips\libpic32.a(vector25.o)
                0x9d0002c9                __vector_dispatch_25
                0x00000001                ASSERT (((_vector_spacing == 0x0) || (SIZEOF (.vector_25) <= (_vector_spacing << 0x3))), function at exception vector 25 too large)

.vector_26      0x9d0002d0        0x8
 *(.vector_26)
 .vector_26     0x9d0002d0        0x8 d:/program files (x86)/microchip/xc32/v2.05/bin/bin/../../lib/gcc/pic32mx/4.8.3/../../../../pic32mx/lib/micromips\libpic32.a(vector26.o)
                0x9d0002d1                __vector_dispatch_26
                0x00000001                ASSERT (((_vector_spacing == 0x0) || (SIZEOF (.vector_26) <= (_vector_spacing << 0x3))), function at exception vector 26 too large)

.vector_27      0x9d0002d8        0x8
 *(.vector_27)
 .vector_27     0x9d0002d8        0x8 d:/program files (x86)/microchip/xc32/v2.05/bin/bin/../../lib/gcc/pic32mx/4.8.3/../../../../pic32mx/lib/micromips\libpic32.a(vector27.o)
                0x9d0002d9                __vector_dispatch_27
                0x00000001                ASSERT (((_vector_spacing == 0x0) || (SIZEOF (.vector_27) <= (_vector_spacing << 0x3))), function at exception vector 27 too large)

.vector_28      0x9d0002e0        0x8
 *(.vector_28)
 .vector_28     0x9d0002e0        0x8 d:/program files (x86)/microchip/xc32/v2.05/bin/bin/../../lib/gcc/pic32mx/4.8.3/../../../../pic32mx/lib/micromips\libpic32.a(vector28.o)
                0x9d0002e1                __vector_dispatch_28
                0x00000001                ASSERT (((_vector_spacing == 0x0) || (SIZEOF (.vector_28) <= (_vector_spacing << 0x3))), function at exception vector 28 too large)

.vector_29      0x9d0002e8        0x8
 *(.vector_29)
 .vector_29     0x9d0002e8        0x8 d:/program files (x86)/microchip/xc32/v2.05/bin/bin/../../lib/gcc/pic32mx/4.8.3/../../../../pic32mx/lib/micromips\libpic32.a(vector29.o)
                0x9d0002e9                __vector_dispatch_29
                0x00000001                ASSERT (((_vector_spacing == 0x0) || (SIZEOF (.vector_29) <= (_vector_spacing << 0x3))), function at exception vector 29 too large)

.vector_30      0x9d0002f0        0x8
 *(.vector_30)
 .vector_30     0x9d0002f0        0x8 d:/program files (x86)/microchip/xc32/v2.05/bin/bin/../../lib/gcc/pic32mx/4.8.3/../../../../pic32mx/lib/micromips\libpic32.a(vector30.o)
                0x9d0002f1                __vector_dispatch_30
                0x00000001                ASSERT (((_vector_spacing == 0x0) || (SIZEOF (.vector_30) <= (_vector_spacing << 0x3))), function at exception vector 30 too large)

.vector_31      0x9d0002f8        0x8
 *(.vector_31)
 .vector_31     0x9d0002f8        0x8 d:/program files (x86)/microchip/xc32/v2.05/bin/bin/../../lib/gcc/pic32mx/4.8.3/../../../../pic32mx/lib/micromips\libpic32.a(vector31.o)
                0x9d0002f9                __vector_dispatch_31
                0x00000001                ASSERT (((_vector_spacing == 0x0) || (SIZEOF (.vector_31) <= (_vector_spacing << 0x3))), function at exception vector 31 too large)

.vector_32      0x9d000300        0x8
 *(.vector_32)
 .vector_32     0x9d000300        0x8 build/PIC32MM0256_48pin/debug/main.o
                0x9d000301                __vector_dispatch_32
                0x00000001                ASSERT (((_vector_spacing == 0x0) || (SIZEOF (.vector_32) <= (_vector_spacing << 0x3))), function at exception vector 32 too large)

.vector_33      0x9d000308        0x8
 *(.vector_33)
 .vector_33     0x9d000308        0x8 d:/program files (x86)/microchip/xc32/v2.05/bin/bin/../../lib/gcc/pic32mx/4.8.3/../../../../pic32mx/lib/micromips\libpic32.a(vector33.o)
                0x9d000309                __vector_dispatch_33
                0x00000001                ASSERT (((_vector_spacing == 0x0) || (SIZEOF (.vector_33) <= (_vector_spacing << 0x3))), function at exception vector 33 too large)

.vector_34      0x9d000310        0x8
 *(.vector_34)
 .vector_34     0x9d000310        0x8 d:/program files (x86)/microchip/xc32/v2.05/bin/bin/../../lib/gcc/pic32mx/4.8.3/../../../../pic32mx/lib/micromips\libpic32.a(vector34.o)
                0x9d000311                __vector_dispatch_34
                0x00000001                ASSERT (((_vector_spacing == 0x0) || (SIZEOF (.vector_34) <= (_vector_spacing << 0x3))), function at exception vector 34 too large)

.vector_35      0x9d000318        0x8
 *(.vector_35)
 .vector_35     0x9d000318        0x8 d:/program files (x86)/microchip/xc32/v2.05/bin/bin/../../lib/gcc/pic32mx/4.8.3/../../../../pic32mx/lib/micromips\libpic32.a(vector35.o)
                0x9d000319                __vector_dispatch_35
                0x00000001                ASSERT (((_vector_spacing == 0x0) || (SIZEOF (.vector_35) <= (_vector_spacing << 0x3))), function at exception vector 35 too large)

.vector_36      0x9d000320        0x8
 *(.vector_36)
 .vector_36     0x9d000320        0x8 d:/program files (x86)/microchip/xc32/v2.05/bin/bin/../../lib/gcc/pic32mx/4.8.3/../../../../pic32mx/lib/micromips\libpic32.a(vector36.o)
                0x9d000321                __vector_dispatch_36
                0x00000001                ASSERT (((_vector_spacing == 0x0) || (SIZEOF (.vector_36) <= (_vector_spacing << 0x3))), function at exception vector 36 too large)

.vector_37      0x9d000328        0x8
 *(.vector_37)
 .vector_37     0x9d000328        0x8 d:/program files (x86)/microchip/xc32/v2.05/bin/bin/../../lib/gcc/pic32mx/4.8.3/../../../../pic32mx/lib/micromips\libpic32.a(vector37.o)
                0x9d000329                __vector_dispatch_37
                0x00000001                ASSERT (((_vector_spacing == 0x0) || (SIZEOF (.vector_37) <= (_vector_spacing << 0x3))), function at exception vector 37 too large)

.vector_38      0x9d000330        0x8
 *(.vector_38)
 .vector_38     0x9d000330        0x8 d:/program files (x86)/microchip/xc32/v2.05/bin/bin/../../lib/gcc/pic32mx/4.8.3/../../../../pic32mx/lib/micromips\libpic32.a(vector38.o)
                0x9d000331                __vector_dispatch_38
                0x00000001                ASSERT (((_vector_spacing == 0x0) || (SIZEOF (.vector_38) <= (_vector_spacing << 0x3))), function at exception vector 38 too large)

.vector_39      0x9d000338        0x8
 *(.vector_39)
 .vector_39     0x9d000338        0x8 d:/program files (x86)/microchip/xc32/v2.05/bin/bin/../../lib/gcc/pic32mx/4.8.3/../../../../pic32mx/lib/micromips\libpic32.a(vector39.o)
                0x9d000339                __vector_dispatch_39
                0x00000001                ASSERT (((_vector_spacing == 0x0) || (SIZEOF (.vector_39) <= (_vector_spacing << 0x3))), function at exception vector 39 too large)

.vector_40      0x9d000340        0x8
 *(.vector_40)
 .vector_40     0x9d000340        0x8 d:/program files (x86)/microchip/xc32/v2.05/bin/bin/../../lib/gcc/pic32mx/4.8.3/../../../../pic32mx/lib/micromips\libpic32.a(vector40.o)
                0x9d000341                __vector_dispatch_40
                0x00000001                ASSERT (((_vector_spacing == 0x0) || (SIZEOF (.vector_40) <= (_vector_spacing << 0x3))), function at exception vector 40 too large)

.vector_41      0x9d000348        0x8
 *(.vector_41)
 .vector_41     0x9d000348        0x8 d:/program files (x86)/microchip/xc32/v2.05/bin/bin/../../lib/gcc/pic32mx/4.8.3/../../../../pic32mx/lib/micromips\libpic32.a(vector41.o)
                0x9d000349                __vector_dispatch_41
                0x00000001                ASSERT (((_vector_spacing == 0x0) || (SIZEOF (.vector_41) <= (_vector_spacing << 0x3))), function at exception vector 41 too large)

.vector_42      0x9d000350        0x8
 *(.vector_42)
 .vector_42     0x9d000350        0x8 d:/program files (x86)/microchip/xc32/v2.05/bin/bin/../../lib/gcc/pic32mx/4.8.3/../../../../pic32mx/lib/micromips\libpic32.a(vector42.o)
                0x9d000351                __vector_dispatch_42
                0x00000001                ASSERT (((_vector_spacing == 0x0) || (SIZEOF (.vector_42) <= (_vector_spacing << 0x3))), function at exception vector 42 too large)

.vector_43      0x9d000358        0x8
 *(.vector_43)
 .vector_43     0x9d000358        0x8 d:/program files (x86)/microchip/xc32/v2.05/bin/bin/../../lib/gcc/pic32mx/4.8.3/../../../../pic32mx/lib/micromips\libpic32.a(vector43.o)
                0x9d000359                __vector_dispatch_43
                0x00000001                ASSERT (((_vector_spacing == 0x0) || (SIZEOF (.vector_43) <= (_vector_spacing << 0x3))), function at exception vector 43 too large)

.vector_44      0x9d000360        0x8
 *(.vector_44)
 .vector_44     0x9d000360        0x8 d:/program files (x86)/microchip/xc32/v2.05/bin/bin/../../lib/gcc/pic32mx/4.8.3/../../../../pic32mx/lib/micromips\libpic32.a(vector44.o)
                0x9d000361                __vector_dispatch_44
                0x00000001                ASSERT (((_vector_spacing == 0x0) || (SIZEOF (.vector_44) <= (_vector_spacing << 0x3))), function at exception vector 44 too large)

.vector_45      0x9d000368        0x8
 *(.vector_45)
 .vector_45     0x9d000368        0x8 build/PIC32MM0256_48pin/debug/main.o
                0x9d000369                __vector_dispatch_45
                0x00000001                ASSERT (((_vector_spacing == 0x0) || (SIZEOF (.vector_45) <= (_vector_spacing << 0x3))), function at exception vector 45 too large)

.vector_46      0x9d000370        0x8
 *(.vector_46)
 .vector_46     0x9d000370        0x8 d:/program files (x86)/microchip/xc32/v2.05/bin/bin/../../lib/gcc/pic32mx/4.8.3/../../../../pic32mx/lib/micromips\libpic32.a(vector46.o)
                0x9d000371                __vector_dispatch_46
                0x00000001                ASSERT (((_vector_spacing == 0x0) || (SIZEOF (.vector_46) <= (_vector_spacing << 0x3))), function at exception vector 46 too large)

.vector_47      0x9d000378        0x8
 *(.vector_47)
 .vector_47     0x9d000378        0x8 d:/program files (x86)/microchip/xc32/v2.05/bin/bin/../../lib/gcc/pic32mx/4.8.3/../../../../pic32mx/lib/micromips\libpic32.a(vector47.o)
                0x9d000379                __vector_dispatch_47
                0x00000001                ASSERT (((_vector_spacing == 0x0) || (SIZEOF (.vector_47) <= (_vector_spacing << 0x3))), function at exception vector 47 too large)

.vector_48      0x9d000380        0x8
 *(.vector_48)
 .vector_48     0x9d000380        0x8 d:/program files (x86)/microchip/xc32/v2.05/bin/bin/../../lib/gcc/pic32mx/4.8.3/../../../../pic32mx/lib/micromips\libpic32.a(vector48.o)
                0x9d000381                __vector_dispatch_48
                0x00000001                ASSERT (((_vector_spacing == 0x0) || (SIZEOF (.vector_48) <= (_vector_spacing << 0x3))), function at exception vector 48 too large)

.vector_49      0x9d000388        0x8
 *(.vector_49)
 .vector_49     0x9d000388        0x8 d:/program files (x86)/microchip/xc32/v2.05/bin/bin/../../lib/gcc/pic32mx/4.8.3/../../../../pic32mx/lib/micromips\libpic32.a(vector49.o)
                0x9d000389                __vector_dispatch_49
                0x00000001                ASSERT (((_vector_spacing == 0x0) || (SIZEOF (.vector_49) <= (_vector_spacing << 0x3))), function at exception vector 49 too large)

.vector_50      0x9d000390        0x8
 *(.vector_50)
 .vector_50     0x9d000390        0x8 d:/program files (x86)/microchip/xc32/v2.05/bin/bin/../../lib/gcc/pic32mx/4.8.3/../../../../pic32mx/lib/micromips\libpic32.a(vector50.o)
                0x9d000391                __vector_dispatch_50
                0x00000001                ASSERT (((_vector_spacing == 0x0) || (SIZEOF (.vector_50) <= (_vector_spacing << 0x3))), function at exception vector 50 too large)

.vector_51      0x9d000398        0x8
 *(.vector_51)
 .vector_51     0x9d000398        0x8 d:/program files (x86)/microchip/xc32/v2.05/bin/bin/../../lib/gcc/pic32mx/4.8.3/../../../../pic32mx/lib/micromips\libpic32.a(vector51.o)
                0x9d000399                __vector_dispatch_51
                0x00000001                ASSERT (((_vector_spacing == 0x0) || (SIZEOF (.vector_51) <= (_vector_spacing << 0x3))), function at exception vector 51 too large)

.vector_52      0x9d0003a0        0x8
 *(.vector_52)
 .vector_52     0x9d0003a0        0x8 d:/program files (x86)/microchip/xc32/v2.05/bin/bin/../../lib/gcc/pic32mx/4.8.3/../../../../pic32mx/lib/micromips\libpic32.a(vector52.o)
                0x9d0003a1                __vector_dispatch_52
                0x00000001                ASSERT (((_vector_spacing == 0x0) || (SIZEOF (.vector_52) <= (_vector_spacing << 0x3))), function at exception vector 52 too large)

.vector_53      0x9d0003a8        0x8
 *(.vector_53)
 .vector_53     0x9d0003a8        0x8 d:/program files (x86)/microchip/xc32/v2.05/bin/bin/../../lib/gcc/pic32mx/4.8.3/../../../../pic32mx/lib/micromips\libpic32.a(vector53.o)
                0x9d0003a9                __vector_dispatch_53
                0x00000001                ASSERT (((_vector_spacing == 0x0) || (SIZEOF (.vector_53) <= (_vector_spacing << 0x3))), function at exception vector 53 too large)

.vector_54      0x9d0003b0        0x8
 *(.vector_54)
 .vector_54     0x9d0003b0        0x8 d:/program files (x86)/microchip/xc32/v2.05/bin/bin/../../lib/gcc/pic32mx/4.8.3/../../../../pic32mx/lib/micromips\libpic32.a(vector54.o)
                0x9d0003b1                __vector_dispatch_54
                0x00000001                ASSERT (((_vector_spacing == 0x0) || (SIZEOF (.vector_54) <= (_vector_spacing << 0x3))), function at exception vector 54 too large)

.vector_55      0x9d0003b8        0x8
 *(.vector_55)
 .vector_55     0x9d0003b8        0x8 d:/program files (x86)/microchip/xc32/v2.05/bin/bin/../../lib/gcc/pic32mx/4.8.3/../../../../pic32mx/lib/micromips\libpic32.a(vector55.o)
                0x9d0003b9                __vector_dispatch_55
                0x00000001                ASSERT (((_vector_spacing == 0x0) || (SIZEOF (.vector_55) <= (_vector_spacing << 0x3))), function at exception vector 55 too large)

.vector_56      0x9d0003c0        0x8
 *(.vector_56)
 .vector_56     0x9d0003c0        0x8 build/PIC32MM0256_48pin/debug/main.o
                0x9d0003c1                __vector_dispatch_56
                0x00000001                ASSERT (((_vector_spacing == 0x0) || (SIZEOF (.vector_56) <= (_vector_spacing << 0x3))), function at exception vector 56 too large)

.vector_57      0x9d0003c8        0x8
 *(.vector_57)
 .vector_57     0x9d0003c8        0x8 build/PIC32MM0256_48pin/debug/main.o
                0x9d0003c9                __vector_dispatch_57
                0x00000001                ASSERT (((_vector_spacing == 0x0) || (SIZEOF (.vector_57) <= (_vector_spacing << 0x3))), function at exception vector 57 too large)

.vector_58      0x9d0003d0        0x8
 *(.vector_58)
 .vector_58     0x9d0003d0        0x8 build/PIC32MM0256_48pin/debug/main.o
                0x9d0003d1                __vector_dispatch_58
                0x00000001                ASSERT (((_vector_spacing == 0x0) || (SIZEOF (.vector_58) <= (_vector_spacing << 0x3))), function at exception vector 58 too large)

.vector_59      0x9d0003d8        0x8
 *(.vector_59)
 .vector_59     0x9d0003d8        0x8 d:/program files (x86)/microchip/xc32/v2.05/bin/bin/../../lib/gcc/pic32mx/4.8.3/../../../../pic32mx/lib/micromips\libpic32.a(vector59.o)
                0x9d0003d9                __vector_dispatch_59
                0x00000001                ASSERT (((_vector_spacing == 0x0) || (SIZEOF (.vector_59) <= (_vector_spacing << 0x3))), function at exception vector 59 too large)

.vector_60      0x9d0003e0        0x8
 *(.vector_60)
 .vector_60     0x9d0003e0        0x8 d:/program files (x86)/microchip/xc32/v2.05/bin/bin/../../lib/gcc/pic32mx/4.8.3/../../../../pic32mx/lib/micromips\libpic32.a(vector60.o)
                0x9d0003e1                __vector_dispatch_60
                0x00000001                ASSERT (((_vector_spacing == 0x0) || (SIZEOF (.vector_60) <= (_vector_spacing << 0x3))), function at exception vector 60 too large)

.vector_61      0x9d0003e8        0x8
 *(.vector_61)
 .vector_61     0x9d0003e8        0x8 d:/program files (x86)/microchip/xc32/v2.05/bin/bin/../../lib/gcc/pic32mx/4.8.3/../../../../pic32mx/lib/micromips\libpic32.a(vector61.o)
                0x9d0003e9                __vector_dispatch_61
                0x00000001                ASSERT (((_vector_spacing == 0x0) || (SIZEOF (.vector_61) <= (_vector_spacing << 0x3))), function at exception vector 61 too large)

.vector_62      0x9d0003f0        0x8
 *(.vector_62)
 .vector_62     0x9d0003f0        0x8 d:/program files (x86)/microchip/xc32/v2.05/bin/bin/../../lib/gcc/pic32mx/4.8.3/../../../../pic32mx/lib/micromips\libpic32.a(vector62.o)
                0x9d0003f1                __vector_dispatch_62
                0x00000001                ASSERT (((_vector_spacing == 0x0) || (SIZEOF (.vector_62) <= (_vector_spacing << 0x3))), function at exception vector 62 too large)

.vector_63      0x9d0003f8        0x8
 *(.vector_63)
 .vector_63     0x9d0003f8        0x8 d:/program files (x86)/microchip/xc32/v2.05/bin/bin/../../lib/gcc/pic32mx/4.8.3/../../../../pic32mx/lib/micromips\libpic32.a(vector63.o)
                0x9d0003f9                __vector_dispatch_63
                0x00000001                ASSERT (((_vector_spacing == 0x0) || (SIZEOF (.vector_63) <= (_vector_spacing << 0x3))), function at exception vector 63 too large)

.vector_64      0x9d000400        0x8
 *(.vector_64)
 .vector_64     0x9d000400        0x8 d:/program files (x86)/microchip/xc32/v2.05/bin/bin/../../lib/gcc/pic32mx/4.8.3/../../../../pic32mx/lib/micromips\libpic32.a(vector64.o)
                0x9d000401                __vector_dispatch_64
                0x00000001                ASSERT (((_vector_spacing == 0x0) || (SIZEOF (.vector_64) <= (_vector_spacing << 0x3))), function at exception vector 64 too large)

.vector_65      0x9d000408        0x8
 *(.vector_65)
 .vector_65     0x9d000408        0x8 d:/program files (x86)/microchip/xc32/v2.05/bin/bin/../../lib/gcc/pic32mx/4.8.3/../../../../pic32mx/lib/micromips\libpic32.a(vector65.o)
                0x9d000409                __vector_dispatch_65
                0x00000001                ASSERT (((_vector_spacing == 0x0) || (SIZEOF (.vector_65) <= (_vector_spacing << 0x3))), function at exception vector 65 too large)

.vector_66      0x9d000410        0x8
 *(.vector_66)
 .vector_66     0x9d000410        0x8 d:/program files (x86)/microchip/xc32/v2.05/bin/bin/../../lib/gcc/pic32mx/4.8.3/../../../../pic32mx/lib/micromips\libpic32.a(vector66.o)
                0x9d000411                __vector_dispatch_66
                0x00000001                ASSERT (((_vector_spacing == 0x0) || (SIZEOF (.vector_66) <= (_vector_spacing << 0x3))), function at exception vector 66 too large)

.vector_67      0x9d000418        0x8
 *(.vector_67)
 .vector_67     0x9d000418        0x8 d:/program files (x86)/microchip/xc32/v2.05/bin/bin/../../lib/gcc/pic32mx/4.8.3/../../../../pic32mx/lib/micromips\libpic32.a(vector67.o)
                0x9d000419                __vector_dispatch_67
                0x00000001                ASSERT (((_vector_spacing == 0x0) || (SIZEOF (.vector_67) <= (_vector_spacing << 0x3))), function at exception vector 67 too large)

.vector_68      0x9d000420        0x8
 *(.vector_68)
 .vector_68     0x9d000420        0x8 d:/program files (x86)/microchip/xc32/v2.05/bin/bin/../../lib/gcc/pic32mx/4.8.3/../../../../pic32mx/lib/micromips\libpic32.a(vector68.o)
                0x9d000421                __vector_dispatch_68
                0x00000001                ASSERT (((_vector_spacing == 0x0) || (SIZEOF (.vector_68) <= (_vector_spacing << 0x3))), function at exception vector 68 too large)

.vector_69      0x9d000428        0x8
 *(.vector_69)
 .vector_69     0x9d000428        0x8 d:/program files (x86)/microchip/xc32/v2.05/bin/bin/../../lib/gcc/pic32mx/4.8.3/../../../../pic32mx/lib/micromips\libpic32.a(vector69.o)
                0x9d000429                __vector_dispatch_69
                0x00000001                ASSERT (((_vector_spacing == 0x0) || (SIZEOF (.vector_69) <= (_vector_spacing << 0x3))), function at exception vector 69 too large)

.vector_70      0x9d000430        0x8
 *(.vector_70)
 .vector_70     0x9d000430        0x8 d:/program files (x86)/microchip/xc32/v2.05/bin/bin/../../lib/gcc/pic32mx/4.8.3/../../../../pic32mx/lib/micromips\libpic32.a(vector70.o)
                0x9d000431                __vector_dispatch_70
                0x00000001                ASSERT (((_vector_spacing == 0x0) || (SIZEOF (.vector_70) <= (_vector_spacing << 0x3))), function at exception vector 70 too large)

.vector_71      0x9d000438        0x8
 *(.vector_71)
 .vector_71     0x9d000438        0x8 d:/program files (x86)/microchip/xc32/v2.05/bin/bin/../../lib/gcc/pic32mx/4.8.3/../../../../pic32mx/lib/micromips\libpic32.a(vector71.o)
                0x9d000439                __vector_dispatch_71
                0x00000001                ASSERT (((_vector_spacing == 0x0) || (SIZEOF (.vector_71) <= (_vector_spacing << 0x3))), function at exception vector 71 too large)

.vector_72      0x9d000440        0x8
 *(.vector_72)
 .vector_72     0x9d000440        0x8 d:/program files (x86)/microchip/xc32/v2.05/bin/bin/../../lib/gcc/pic32mx/4.8.3/../../../../pic32mx/lib/micromips\libpic32.a(vector72.o)
                0x9d000441                __vector_dispatch_72
                0x00000001                ASSERT (((_vector_spacing == 0x0) || (SIZEOF (.vector_72) <= (_vector_spacing << 0x3))), function at exception vector 72 too large)

.vector_73      0x9d000448        0x8
 *(.vector_73)
 .vector_73     0x9d000448        0x8 d:/program files (x86)/microchip/xc32/v2.05/bin/bin/../../lib/gcc/pic32mx/4.8.3/../../../../pic32mx/lib/micromips\libpic32.a(vector73.o)
                0x9d000449                __vector_dispatch_73
                0x00000001                ASSERT (((_vector_spacing == 0x0) || (SIZEOF (.vector_73) <= (_vector_spacing << 0x3))), function at exception vector 73 too large)

.vector_74      0x9d000450        0x8
 *(.vector_74)
 .vector_74     0x9d000450        0x8 d:/program files (x86)/microchip/xc32/v2.05/bin/bin/../../lib/gcc/pic32mx/4.8.3/../../../../pic32mx/lib/micromips\libpic32.a(vector74.o)
                0x9d000451                __vector_dispatch_74
                0x00000001                ASSERT (((_vector_spacing == 0x0) || (SIZEOF (.vector_74) <= (_vector_spacing << 0x3))), function at exception vector 74 too large)

.vector_75      0x9d000458        0x8
 *(.vector_75)
 .vector_75     0x9d000458        0x8 d:/program files (x86)/microchip/xc32/v2.05/bin/bin/../../lib/gcc/pic32mx/4.8.3/../../../../pic32mx/lib/micromips\libpic32.a(vector75.o)
                0x9d000459                __vector_dispatch_75
                0x00000001                ASSERT (((_vector_spacing == 0x0) || (SIZEOF (.vector_75) <= (_vector_spacing << 0x3))), function at exception vector 75 too large)

.vector_76      0x9d000460        0x8
 *(.vector_76)
 .vector_76     0x9d000460        0x8 d:/program files (x86)/microchip/xc32/v2.05/bin/bin/../../lib/gcc/pic32mx/4.8.3/../../../../pic32mx/lib/micromips\libpic32.a(vector76.o)
                0x9d000461                __vector_dispatch_76
                0x00000001                ASSERT (((_vector_spacing == 0x0) || (SIZEOF (.vector_76) <= (_vector_spacing << 0x3))), function at exception vector 76 too large)

.vector_77      0x9d000468        0x8
 *(.vector_77)
 .vector_77     0x9d000468        0x8 d:/program files (x86)/microchip/xc32/v2.05/bin/bin/../../lib/gcc/pic32mx/4.8.3/../../../../pic32mx/lib/micromips\libpic32.a(vector77.o)
                0x9d000469                __vector_dispatch_77
                0x00000001                ASSERT (((_vector_spacing == 0x0) || (SIZEOF (.vector_77) <= (_vector_spacing << 0x3))), function at exception vector 77 too large)

.vector_78      0x9d000470        0x8
 *(.vector_78)
 .vector_78     0x9d000470        0x8 d:/program files (x86)/microchip/xc32/v2.05/bin/bin/../../lib/gcc/pic32mx/4.8.3/../../../../pic32mx/lib/micromips\libpic32.a(vector78.o)
                0x9d000471                __vector_dispatch_78
                0x00000001                ASSERT (((_vector_spacing == 0x0) || (SIZEOF (.vector_78) <= (_vector_spacing << 0x3))), function at exception vector 78 too large)

.vector_79      0x9d000478        0x8
 *(.vector_79)
 .vector_79     0x9d000478        0x8 d:/program files (x86)/microchip/xc32/v2.05/bin/bin/../../lib/gcc/pic32mx/4.8.3/../../../../pic32mx/lib/micromips\libpic32.a(vector79.o)
                0x9d000479                __vector_dispatch_79
                0x00000001                ASSERT (((_vector_spacing == 0x0) || (SIZEOF (.vector_79) <= (_vector_spacing << 0x3))), function at exception vector 79 too large)

.vector_80      0x9d000480        0x8
 *(.vector_80)
 .vector_80     0x9d000480        0x8 d:/program files (x86)/microchip/xc32/v2.05/bin/bin/../../lib/gcc/pic32mx/4.8.3/../../../../pic32mx/lib/micromips\libpic32.a(vector80.o)
                0x9d000481                __vector_dispatch_80
                0x00000001                ASSERT (((_vector_spacing == 0x0) || (SIZEOF (.vector_80) <= (_vector_spacing << 0x3))), function at exception vector 80 too large)

.vector_81      0x9d000488        0x8
 *(.vector_81)
 .vector_81     0x9d000488        0x8 d:/program files (x86)/microchip/xc32/v2.05/bin/bin/../../lib/gcc/pic32mx/4.8.3/../../../../pic32mx/lib/micromips\libpic32.a(vector81.o)
                0x9d000489                __vector_dispatch_81
                0x00000001                ASSERT (((_vector_spacing == 0x0) || (SIZEOF (.vector_81) <= (_vector_spacing << 0x3))), function at exception vector 81 too large)

.vector_82      0x9d000490        0x8
 *(.vector_82)
 .vector_82     0x9d000490        0x8 d:/program files (x86)/microchip/xc32/v2.05/bin/bin/../../lib/gcc/pic32mx/4.8.3/../../../../pic32mx/lib/micromips\libpic32.a(vector82.o)
                0x9d000491                __vector_dispatch_82
                0x00000001                ASSERT (((_vector_spacing == 0x0) || (SIZEOF (.vector_82) <= (_vector_spacing << 0x3))), function at exception vector 82 too large)

.vector_83      0x9d000498        0x8
 *(.vector_83)
 .vector_83     0x9d000498        0x8 d:/program files (x86)/microchip/xc32/v2.05/bin/bin/../../lib/gcc/pic32mx/4.8.3/../../../../pic32mx/lib/micromips\libpic32.a(vector83.o)
                0x9d000499                __vector_dispatch_83
                0x00000001                ASSERT (((_vector_spacing == 0x0) || (SIZEOF (.vector_83) <= (_vector_spacing << 0x3))), function at exception vector 83 too large)

.vector_84      0x9d0004a0        0x8
 *(.vector_84)
 .vector_84     0x9d0004a0        0x8 d:/program files (x86)/microchip/xc32/v2.05/bin/bin/../../lib/gcc/pic32mx/4.8.3/../../../../pic32mx/lib/micromips\libpic32.a(vector84.o)
                0x9d0004a1                __vector_dispatch_84
                0x00000001                ASSERT (((_vector_spacing == 0x0) || (SIZEOF (.vector_84) <= (_vector_spacing << 0x3))), function at exception vector 84 too large)

.vector_85      0x9d0004a8        0x8
 *(.vector_85)
 .vector_85     0x9d0004a8        0x8 d:/program files (x86)/microchip/xc32/v2.05/bin/bin/../../lib/gcc/pic32mx/4.8.3/../../../../pic32mx/lib/micromips\libpic32.a(vector85.o)
                0x9d0004a9                __vector_dispatch_85
                0x00000001                ASSERT (((_vector_spacing == 0x0) || (SIZEOF (.vector_85) <= (_vector_spacing << 0x3))), function at exception vector 85 too large)

.vector_86      0x9d0004b0        0x8
 *(.vector_86)
 .vector_86     0x9d0004b0        0x8 d:/program files (x86)/microchip/xc32/v2.05/bin/bin/../../lib/gcc/pic32mx/4.8.3/../../../../pic32mx/lib/micromips\libpic32.a(vector86.o)
                0x9d0004b1                __vector_dispatch_86
                0x00000001                ASSERT (((_vector_spacing == 0x0) || (SIZEOF (.vector_86) <= (_vector_spacing << 0x3))), function at exception vector 86 too large)

.vector_87      0x9d0004b8        0x8
 *(.vector_87)
 .vector_87     0x9d0004b8        0x8 d:/program files (x86)/microchip/xc32/v2.05/bin/bin/../../lib/gcc/pic32mx/4.8.3/../../../../pic32mx/lib/micromips\libpic32.a(vector87.o)
                0x9d0004b9                __vector_dispatch_87
                0x00000001                ASSERT (((_vector_spacing == 0x0) || (SIZEOF (.vector_87) <= (_vector_spacing << 0x3))), function at exception vector 87 too large)

.vector_88      0x9d0004c0        0x8
 *(.vector_88)
 .vector_88     0x9d0004c0        0x8 d:/program files (x86)/microchip/xc32/v2.05/bin/bin/../../lib/gcc/pic32mx/4.8.3/../../../../pic32mx/lib/micromips\libpic32.a(vector88.o)
                0x9d0004c1                __vector_dispatch_88
                0x00000001                ASSERT (((_vector_spacing == 0x0) || (SIZEOF (.vector_88) <= (_vector_spacing << 0x3))), function at exception vector 88 too large)

.vector_89      0x9d0004c8        0x8
 *(.vector_89)
 .vector_89     0x9d0004c8        0x8 d:/program files (x86)/microchip/xc32/v2.05/bin/bin/../../lib/gcc/pic32mx/4.8.3/../../../../pic32mx/lib/micromips\libpic32.a(vector89.o)
                0x9d0004c9                __vector_dispatch_89
                0x00000001                ASSERT (((_vector_spacing == 0x0) || (SIZEOF (.vector_89) <= (_vector_spacing << 0x3))), function at exception vector 89 too large)

.vector_90      0x9d0004d0        0x8
 *(.vector_90)
 .vector_90     0x9d0004d0        0x8 d:/program files (x86)/microchip/xc32/v2.05/bin/bin/../../lib/gcc/pic32mx/4.8.3/../../../../pic32mx/lib/micromips\libpic32.a(vector90.o)
                0x9d0004d1                __vector_dispatch_90
                0x00000001                ASSERT (((_vector_spacing == 0x0) || (SIZEOF (.vector_90) <= (_vector_spacing << 0x3))), function at exception vector 90 too large)

.vector_91      0x9d0004d8        0x8
 *(.vector_91)
 .vector_91     0x9d0004d8        0x8 d:/program files (x86)/microchip/xc32/v2.05/bin/bin/../../lib/gcc/pic32mx/4.8.3/../../../../pic32mx/lib/micromips\libpic32.a(vector91.o)
                0x9d0004d9                __vector_dispatch_91
                0x00000001                ASSERT (((_vector_spacing == 0x0) || (SIZEOF (.vector_91) <= (_vector_spacing << 0x3))), function at exception vector 91 too large)

.vector_92      0x9d0004e0        0x8
 *(.vector_92)
 .vector_92     0x9d0004e0        0x8 d:/program files (x86)/microchip/xc32/v2.05/bin/bin/../../lib/gcc/pic32mx/4.8.3/../../../../pic32mx/lib/micromips\libpic32.a(vector92.o)
                0x9d0004e1                __vector_dispatch_92
                0x00000001                ASSERT (((_vector_spacing == 0x0) || (SIZEOF (.vector_92) <= (_vector_spacing << 0x3))), function at exception vector 92 too large)

.vector_93      0x9d0004e8        0x8
 *(.vector_93)
 .vector_93     0x9d0004e8        0x8 d:/program files (x86)/microchip/xc32/v2.05/bin/bin/../../lib/gcc/pic32mx/4.8.3/../../../../pic32mx/lib/micromips\libpic32.a(vector93.o)
                0x9d0004e9                __vector_dispatch_93
                0x00000001                ASSERT (((_vector_spacing == 0x0) || (SIZEOF (.vector_93) <= (_vector_spacing << 0x3))), function at exception vector 93 too large)

.vector_94      0x9d0004f0        0x8
 *(.vector_94)
 .vector_94     0x9d0004f0        0x8 d:/program files (x86)/microchip/xc32/v2.05/bin/bin/../../lib/gcc/pic32mx/4.8.3/../../../../pic32mx/lib/micromips\libpic32.a(vector94.o)
                0x9d0004f1                __vector_dispatch_94
                0x00000001                ASSERT (((_vector_spacing == 0x0) || (SIZEOF (.vector_94) <= (_vector_spacing << 0x3))), function at exception vector 94 too large)

.vector_95      0x9d0004f8        0x8
 *(.vector_95)
 .vector_95     0x9d0004f8        0x8 d:/program files (x86)/microchip/xc32/v2.05/bin/bin/../../lib/gcc/pic32mx/4.8.3/../../../../pic32mx/lib/micromips\libpic32.a(vector95.o)
                0x9d0004f9                __vector_dispatch_95
                0x00000001                ASSERT (((_vector_spacing == 0x0) || (SIZEOF (.vector_95) <= (_vector_spacing << 0x3))), function at exception vector 95 too large)

.vector_96      0x9d000500        0x8
 *(.vector_96)
 .vector_96     0x9d000500        0x8 d:/program files (x86)/microchip/xc32/v2.05/bin/bin/../../lib/gcc/pic32mx/4.8.3/../../../../pic32mx/lib/micromips\libpic32.a(vector96.o)
                0x9d000501                __vector_dispatch_96
                0x00000001                ASSERT (((_vector_spacing == 0x0) || (SIZEOF (.vector_96) <= (_vector_spacing << 0x3))), function at exception vector 96 too large)

.vector_97      0x9d000508        0x8
 *(.vector_97)
 .vector_97     0x9d000508        0x8 d:/program files (x86)/microchip/xc32/v2.05/bin/bin/../../lib/gcc/pic32mx/4.8.3/../../../../pic32mx/lib/micromips\libpic32.a(vector97.o)
                0x9d000509                __vector_dispatch_97
                0x00000001                ASSERT (((_vector_spacing == 0x0) || (SIZEOF (.vector_97) <= (_vector_spacing << 0x3))), function at exception vector 97 too large)

.vector_98      0x9d000510        0x8
 *(.vector_98)
 .vector_98     0x9d000510        0x8 d:/program files (x86)/microchip/xc32/v2.05/bin/bin/../../lib/gcc/pic32mx/4.8.3/../../../../pic32mx/lib/micromips\libpic32.a(vector98.o)
                0x9d000511                __vector_dispatch_98
                0x00000001                ASSERT (((_vector_spacing == 0x0) || (SIZEOF (.vector_98) <= (_vector_spacing << 0x3))), function at exception vector 98 too large)

.vector_99      0x9d000518        0x8
 *(.vector_99)
 .vector_99     0x9d000518        0x8 d:/program files (x86)/microchip/xc32/v2.05/bin/bin/../../lib/gcc/pic32mx/4.8.3/../../../../pic32mx/lib/micromips\libpic32.a(vector99.o)
                0x9d000519                __vector_dispatch_99
                0x00000001                ASSERT (((_vector_spacing == 0x0) || (SIZEOF (.vector_99) <= (_vector_spacing << 0x3))), function at exception vector 99 too large)

.vector_100     0x9d000520        0x8
 *(.vector_100)
 .vector_100    0x9d000520        0x8 d:/program files (x86)/microchip/xc32/v2.05/bin/bin/../../lib/gcc/pic32mx/4.8.3/../../../../pic32mx/lib/micromips\libpic32.a(vector100.o)
                0x9d000521                __vector_dispatch_100
                0x00000001                ASSERT (((_vector_spacing == 0x0) || (SIZEOF (.vector_100) <= (_vector_spacing << 0x3))), function at exception vector 100 too large)

.vector_101     0x9d000528        0x8
 *(.vector_101)
 .vector_101    0x9d000528        0x8 d:/program files (x86)/microchip/xc32/v2.05/bin/bin/../../lib/gcc/pic32mx/4.8.3/../../../../pic32mx/lib/micromips\libpic32.a(vector101.o)
                0x9d000529                __vector_dispatch_101
                0x00000001                ASSERT (((_vector_spacing == 0x0) || (SIZEOF (.vector_101) <= (_vector_spacing << 0x3))), function at exception vector 101 too large)

.startup
 *(.startup)

.text           0x9d000530        0x0
 *(.stub .gnu.linkonce.t.*)
 *(.text.*personality*)
 *(.mips16.fn.*)
 *(.mips16.call.*)
 *(.gnu.warning)
                0x9d000530                . = ALIGN (0x4)

.init           0x9d000530        0x0
 *crti.o(.init)
 *crtbegin.o(.init)
 *(EXCLUDE_FILE(*crtn.o *crtend?.o *crtend.o) .init)
 *crtend.o(.init)
 *crtn.o(.init)
                0x9d000530                . = ALIGN (0x4)

.fini           0x9d000530        0x0
 *(.fini)
                0x9d000530                . = ALIGN (0x4)

.preinit_array  0x9d000530        0x0
                0x9d000530                PROVIDE (__preinit_array_start, .)
 *(.preinit_array)
                0x9d000530                PROVIDE (__preinit_array_end, .)
                0x9d000530                . = ALIGN (0x4)

.init_array     0x9d000530        0x0
                0x9d000530                PROVIDE (__init_array_start, .)
 *(SORT(.init_array.*))
 *(.init_array)
                0x9d000530                PROVIDE (__init_array_end, .)
                0x9d000530                . = ALIGN (0x4)

.fini_array     0x9d000530        0x0
                0x9d000530                PROVIDE (__fini_array_start, .)
 *(SORT(.fini_array.*))
 *(.fini_array)
                0x9d000530                PROVIDE (__fini_array_end, .)
                0x9d000530                . = ALIGN (0x4)

.ctors          0x9d000530        0x0
 *crtbegin.o(.ctors)
 *crtbegin?.o(.ctors)
 *(EXCLUDE_FILE(*crtend?.o *crtend.o) .ctors)
 *(SORT(.ctors.*))
 *(.ctors)
                0x9d000530                . = ALIGN (0x4)

.dtors          0x9d000530        0x0
 *crtbegin.o(.dtors)
 *crtbegin?.o(.dtors)
 *(EXCLUDE_FILE(*crtend?.o *crtend.o) .dtors)
 *(SORT(.dtors.*))
 *(.dtors)
                0x9d000530                . = ALIGN (0x4)

.rodata         0x9d000530        0x0
 *(.gnu.linkonce.r.*)
 *(.rodata1)
                0x9d000530                . = ALIGN (0x4)

.sdata2         0x9fc00490        0x0
 *(.sdata2 .sdata2.* .gnu.linkonce.s2.*)
                0x9fc00490                . = ALIGN (0x4)

.sbss2          0x9fc00490        0x0
 *(.sbss2 .sbss2.* .gnu.linkonce.sb2.*)
                0x9fc00490                . = ALIGN (0x4)

.eh_frame_hdr
 *(.eh_frame_hdr)
                0x9fc00490                . = ALIGN (0x4)

.eh_frame
 *(.eh_frame)
                0x9fc00490                . = ALIGN (0x4)

.gcc_except_table
 *(.gcc_except_table .gcc_except_table.*)
                0x9fc00490                . = ALIGN (0x4)

.dbg_data       0x80000200        0x0
                0x80000200                . = (. + DEFINED (_DEBUGGER)?0x200:0x0)

.jcr            0x80000200        0x0
 *(.jcr)
                0x80000200                . = ALIGN (0x4)

.eh_frame
 *(.eh_frame)
                0x80000200                . = ALIGN (0x4)

.gcc_except_table
 *(.gcc_except_table .gcc_except_table.*)
                0x80000200                . = ALIGN (0x4)

.persist        0x80000200        0x0
                0x80000200                _persist_begin = .
 *(.persist .persist.*)
 *(.pbss .pbss.*)
                0x80000200                . = ALIGN (0x4)
                0x80000200                _persist_end = .

.data           0x80000200        0x0
 *(.gnu.linkonce.d.*)
 *(.data1)
                0x80000200                . = ALIGN (0x4)
                0x80000200                . = .
                0x800081f0                _gp = (ALIGN (0x10) + 0x7ff0)

.got            0x80000200        0x0
 *(.got.plt)
 *(.got)
                0x80000200                . = ALIGN (0x4)

.sdata          0x80000200       0xa0
                0x80000200                _sdata_begin = .
 *(.sdata .sdata.* .gnu.linkonce.s.*)
 .sdata         0x80000200        0x4 build/PIC32MM0256_48pin/debug/clock_cfgBits_mm.o
                0x80000200                checkStackSpaceValue
 .sdata         0x80000204        0x4 build/PIC32MM0256_48pin/debug/clock_cfgBits_mz.o
 .sdata         0x80000208        0xc build/PIC32MM0256_48pin/debug/netcom2.o
                0x8000020c                tx_pin
 .sdata         0x80000214        0x4 build/PIC32MM0256_48pin/debug/main.o
 .sdata         0x80000218        0x4 build/PIC32MM0256_48pin/debug/globals.o
 .sdata         0x8000021c       0x2c build/PIC32MM0256_48pin/debug/_display/ili9341/disp9341.o
                0x80000220                csPin
                0x80000228                resetPin
                0x80000230                dcPin
                0x80000238                blPin
 .sdata         0x80000248        0x4 build/PIC32MM0256_48pin/debug/_display/ssd1306/disp1306.o
 .sdata         0x8000024c        0x4 build/PIC32MM0256_48pin/debug/_display/graphics.o
 .sdata         0x80000250        0x4 build/PIC32MM0256_48pin/debug/spi.o
 .sdata         0x80000254        0x4 build/PIC32MM0256_48pin/debug/portWriter.o
 .sdata         0x80000258        0x4 build/PIC32MM0256_48pin/debug/_touchpad/touchXpt2046.o
 .sdata         0x8000025c        0x4 build/PIC32MM0256_48pin/debug/periph.o
 .sdata         0x80000260       0x24 build/PIC32MM0256_48pin/debug/app1.o
                0x80000264                delay
                0x80000268                testVar
                0x80000278                getPipe0data
                0x8000027c                getPipe1data
 .sdata         0x80000284        0x8 build/PIC32MM0256_48pin/debug/app2.o
 .sdata         0x8000028c        0x8 build/PIC32MM0256_48pin/debug/app3.o
 .sdata         0x80000294        0x4 build/PIC32MM0256_48pin/debug/user_apps.o
 .sdata         0x80000298        0x8 build/PIC32MM0256_48pin/debug/appNet.o
                0x800002a0                . = ALIGN (0x4)
                0x800002a0                _sdata_end = .

.lit8
 *(.lit8)

.lit4
 *(.lit4)
                0x800002a0                . = ALIGN (0x4)
                0x800002a0                _data_end = .
                0x800002a0                _bss_begin = .

.sbss           0x800002a0      0x2a0
                0x800002a0                _sbss_begin = .
 *(.dynsbss)
 *(.sbss .sbss.* .gnu.linkonce.sb.*)
 .sbss          0x800002a0       0x20 build/PIC32MM0256_48pin/debug/clock_cfgBits_mm.o
                0x800002a0                netcom_devId
                0x800002a1                netcom_maxId
                0x800002a4                netcomChkError
                0x800002a8                netcomSendDataError
                0x800002ac                netcomBusError
                0x800002b0                netcomTxBytes
                0x800002b4                netcomRxBytes
                0x800002b8                netcomTxCTRL
                0x800002bc                netcomRxCTRL
 .sbss          0x800002c0       0x20 build/PIC32MM0256_48pin/debug/clock_cfgBits_mz.o
 .sbss          0x800002e0       0x3c build/PIC32MM0256_48pin/debug/netcom2.o
 .sbss          0x8000031c       0x20 build/PIC32MM0256_48pin/debug/main.o
 .sbss          0x8000033c       0x20 build/PIC32MM0256_48pin/debug/globals.o
 .sbss          0x8000035c       0x34 build/PIC32MM0256_48pin/debug/_display/ili9341/disp9341.o
 .sbss          0x80000390       0x20 build/PIC32MM0256_48pin/debug/_display/ssd1306/disp1306.o
 .sbss          0x800003b0       0x24 build/PIC32MM0256_48pin/debug/_display/graphics.o
 .sbss          0x800003d4       0x20 build/PIC32MM0256_48pin/debug/spi.o
 .sbss          0x800003f4       0x20 build/PIC32MM0256_48pin/debug/portWriter.o
 .sbss          0x80000414       0x20 build/PIC32MM0256_48pin/debug/_touchpad/touchXpt2046.o
 .sbss          0x80000434       0x20 build/PIC32MM0256_48pin/debug/periph.o
 .sbss          0x80000454       0x28 build/PIC32MM0256_48pin/debug/app1.o
 .sbss          0x8000047c       0x24 build/PIC32MM0256_48pin/debug/app2.o
 .sbss          0x800004a0       0x20 build/PIC32MM0256_48pin/debug/app3.o
 .sbss          0x800004c0       0x20 build/PIC32MM0256_48pin/debug/user_apps.o
 .sbss          0x800004e0       0x28 build/PIC32MM0256_48pin/debug/appNet.o
 *(.scommon)
 .scommon       0x80000508       0x2c build/PIC32MM0256_48pin/debug/clock_cfgBits_mm.o
                0x80000508                SYSTEM_STATUS
                0x8000050c                defaultAppStartParam
                0x80000514                LED1
                0x8000051c                LED3
                0x80000524                LED2
                0x8000052c                LED4
 .scommon       0x80000534        0x0 build/PIC32MM0256_48pin/debug/clock_cfgBits_mz.o
 .scommon       0x80000534        0x8 build/PIC32MM0256_48pin/debug/netcom2.o
                0x80000534                sendingItem
                0x80000538                _finish
 .scommon       0x8000053c        0x0 build/PIC32MM0256_48pin/debug/main.o
 .scommon       0x8000053c        0x0 build/PIC32MM0256_48pin/debug/globals.o
 .scommon       0x8000053c        0x4 build/PIC32MM0256_48pin/debug/_display/ili9341/disp9341.o
                0x8000053c                defaultFont
 .scommon       0x80000540        0x0 build/PIC32MM0256_48pin/debug/_display/ssd1306/disp1306.o
 .scommon       0x80000540        0x0 build/PIC32MM0256_48pin/debug/_display/graphics.o
 .scommon       0x80000540        0x0 build/PIC32MM0256_48pin/debug/spi.o
 .scommon       0x80000540        0x0 build/PIC32MM0256_48pin/debug/portWriter.o
 .scommon       0x80000540        0x0 build/PIC32MM0256_48pin/debug/_touchpad/touchXpt2046.o
 .scommon       0x80000540        0x0 build/PIC32MM0256_48pin/debug/periph.o
 .scommon       0x80000540        0x0 build/PIC32MM0256_48pin/debug/app1.o
 .scommon       0x80000540        0x0 build/PIC32MM0256_48pin/debug/app2.o
 .scommon       0x80000540        0x0 build/PIC32MM0256_48pin/debug/app3.o
 .scommon       0x80000540        0x0 build/PIC32MM0256_48pin/debug/user_apps.o
 .scommon       0x80000540        0x0 build/PIC32MM0256_48pin/debug/appNet.o
                0x80000540                _sbss_end = .
                0x80000540                . = ALIGN (0x4)

.bss            0x80000540      0x20c
 *(.dynbss)
 *(COMMON)
 COMMON         0x80000540       0x80 build/PIC32MM0256_48pin/debug/netcom2.o
                0x80000540                master2Item
                0x80000560                master8Item
                0x80000580                master1Item
                0x800005a0                replyItem
 COMMON         0x800005c0       0xdc build/PIC32MM0256_48pin/debug/_display/graphics.o
                0x800005c0                graphics
                0x80000600                font_twcen_22
                0x8000064c                sysDisplay
 COMMON         0x8000069c       0xb0 build/PIC32MM0256_48pin/debug/app1.o
                0x8000069c                dataStruct
                0x800006bc                data1024
                0x800006dc                setPipe1
                0x800006e8                setPipe1data
                0x80000708                getPipe1
                0x80000714                getPipe0
                0x80000720                setPipe0data
                0x80000740                setPipe0
                0x8000074c                . = ALIGN ((. != 0x0)?0x4:0x1)
                0x8000074c                . = ALIGN (0x4)
                0x8000074c                _end = .
                0x8000074c                _bss_end = .
                0x00008000                _bmxdudba_address = 0x8000
                0x00008000                _bmxdupba_address = 0x8000

/DISCARD/
 *(.pdr)
 *(.rel.dyn)
 *(.note.GNU-stack)
 *(.note.GNU-stack)
 *(.gnu_debuglink)
 *(.gnu.lto_*)
 *(.discard)

.gptab.sdata
 *(.gptab.data)
 *(.gptab.sdata)

.gptab.sbss
 *(.gptab.bss)
 *(.gptab.sbss)

.mdebug.abi32   0x00000000        0x0
 *(.mdebug.abi32)
 .mdebug.abi32  0x00000000        0x0 d:/program files (x86)/microchip/xc32/v2.05/bin/bin/../../lib/gcc/pic32mx/4.8.3/../../../../pic32mx/lib/micromips\software-debug-break.o
 .mdebug.abi32  0x00000000        0x0 build/PIC32MM0256_48pin/debug/clock_cfgBits_mm.o
 .mdebug.abi32  0x00000000        0x0 build/PIC32MM0256_48pin/debug/clock_cfgBits_mz.o
 .mdebug.abi32  0x00000000        0x0 build/PIC32MM0256_48pin/debug/netcom2.o
 .mdebug.abi32  0x00000000        0x0 build/PIC32MM0256_48pin/debug/main.o
 .mdebug.abi32  0x00000000        0x0 build/PIC32MM0256_48pin/debug/globals.o
 .mdebug.abi32  0x00000000        0x0 build/PIC32MM0256_48pin/debug/_display/ili9341/disp9341.o
 .mdebug.abi32  0x00000000        0x0 build/PIC32MM0256_48pin/debug/_display/ssd1306/disp1306.o
 .mdebug.abi32  0x00000000        0x0 build/PIC32MM0256_48pin/debug/_display/graphics.o
 .mdebug.abi32  0x00000000        0x0 build/PIC32MM0256_48pin/debug/spi.o
 .mdebug.abi32  0x00000000        0x0 build/PIC32MM0256_48pin/debug/portWriter.o
 .mdebug.abi32  0x00000000        0x0 build/PIC32MM0256_48pin/debug/_touchpad/touchXpt2046.o
 .mdebug.abi32  0x00000000        0x0 build/PIC32MM0256_48pin/debug/periph.o
 .mdebug.abi32  0x00000000        0x0 build/PIC32MM0256_48pin/debug/app1.o
 .mdebug.abi32  0x00000000        0x0 build/PIC32MM0256_48pin/debug/app2.o
 .mdebug.abi32  0x00000000        0x0 build/PIC32MM0256_48pin/debug/app3.o
 .mdebug.abi32  0x00000000        0x0 build/PIC32MM0256_48pin/debug/user_apps.o
 .mdebug.abi32  0x00000000        0x0 build/PIC32MM0256_48pin/debug/appNet.o
 .mdebug.abi32  0x00000000        0x0 d:/program files (x86)/microchip/xc32/v2.05/bin/bin/../../lib/gcc/pic32mx/4.8.3/../../../../pic32mx/lib/micromips\libpic32.a(default-bootstrap-exception-handler.o)
 .mdebug.abi32  0x00000000        0x0 d:/program files (x86)/microchip/xc32/v2.05/bin/bin/../../lib/gcc/pic32mx/4.8.3/../../../../pic32mx/lib/micromips\libpic32.a(default-on-reset.o)
 .mdebug.abi32  0x00000000        0x0 d:/program files (x86)/microchip/xc32/v2.05/bin/bin/../../lib/gcc/pic32mx/4.8.3/../../../../pic32mx/lib/micromips\libpic32.a(default-on-bootstrap.o)
 .mdebug.abi32  0x00000000        0x0 d:/program files (x86)/microchip/xc32/v2.05/bin/bin/../../lib/gcc/pic32mx/4.8.3/../../../../pic32mx/lib/micromips\libpic32.a(defaultinterrupt.o)

.mdebug.abiN32
 *(.mdebug.abiN32)

.mdebug.abi64
 *(.mdebug.abi64)

.mdebug.abiO64
 *(.mdebug.abiO64)

.mdebug.eabi32
 *(.mdebug.eabi32)

.mdebug.eabi64
 *(.mdebug.eabi64)

.gcc_compiled_long32
 *(.gcc_compiled_long32)

.gcc_compiled_long64
 *(.gcc_compiled_long64)

.stab
 *(.stab)

.stabstr
 *(.stabstr)

.stab.excl
 *(.stab.excl)

.stab.exclstr
 *(.stab.exclstr)

.stab.index
 *(.stab.index)

.stab.indexstr
 *(.stab.indexstr)

.comment        0x00000000       0x3c
 *(.comment)
 .comment       0x00000000       0x3c d:/program files (x86)/microchip/xc32/v2.05/bin/bin/../../lib/gcc/pic32mx/4.8.3/../../../../pic32mx/lib/micromips\software-debug-break.o
                                 0x3d (size before relaxing)
 .comment       0x00000000       0x3d build/PIC32MM0256_48pin/debug/clock_cfgBits_mm.o
 .comment       0x00000000       0x3d build/PIC32MM0256_48pin/debug/clock_cfgBits_mz.o
 .comment       0x00000000       0x3d build/PIC32MM0256_48pin/debug/netcom2.o
 .comment       0x00000000       0x3d build/PIC32MM0256_48pin/debug/main.o
 .comment       0x00000000       0x3d build/PIC32MM0256_48pin/debug/globals.o
 .comment       0x00000000       0x3d build/PIC32MM0256_48pin/debug/_display/ili9341/disp9341.o
 .comment       0x00000000       0x3d build/PIC32MM0256_48pin/debug/_display/ssd1306/disp1306.o
 .comment       0x00000000       0x3d build/PIC32MM0256_48pin/debug/_display/graphics.o
 .comment       0x00000000       0x3d build/PIC32MM0256_48pin/debug/spi.o
 .comment       0x00000000       0x3d build/PIC32MM0256_48pin/debug/portWriter.o
 .comment       0x00000000       0x3d build/PIC32MM0256_48pin/debug/_touchpad/touchXpt2046.o
 .comment       0x00000000       0x3d build/PIC32MM0256_48pin/debug/periph.o
 .comment       0x00000000       0x3d build/PIC32MM0256_48pin/debug/app1.o
 .comment       0x00000000       0x3d build/PIC32MM0256_48pin/debug/app2.o
 .comment       0x00000000       0x3d build/PIC32MM0256_48pin/debug/app3.o
 .comment       0x00000000       0x3d build/PIC32MM0256_48pin/debug/user_apps.o
 .comment       0x00000000       0x3d build/PIC32MM0256_48pin/debug/appNet.o
 .comment       0x00000000       0x3d d:/program files (x86)/microchip/xc32/v2.05/bin/bin/../../lib/gcc/pic32mx/4.8.3/../../../../pic32mx/lib/micromips\libpic32.a(default-bootstrap-exception-handler.o)
 .comment       0x00000000       0x3d d:/program files (x86)/microchip/xc32/v2.05/bin/bin/../../lib/gcc/pic32mx/4.8.3/../../../../pic32mx/lib/micromips\libpic32.a(default-on-reset.o)
 .comment       0x00000000       0x3d d:/program files (x86)/microchip/xc32/v2.05/bin/bin/../../lib/gcc/pic32mx/4.8.3/../../../../pic32mx/lib/micromips\libpic32.a(default-on-bootstrap.o)
 .comment       0x00000000       0x3d d:/program files (x86)/microchip/xc32/v2.05/bin/bin/../../lib/gcc/pic32mx/4.8.3/../../../../pic32mx/lib/micromips\libpic32.a(defaultinterrupt.o)

.debug
 *.elf(.debug)
 *(.debug)

.line
 *.elf(.line)
 *(.line)

.debug_srcinfo
 *.elf(.debug_srcinfo)
 *(.debug_srcinfo)

.debug_sfnames
 *.elf(.debug_sfnames)
 *(.debug_sfnames)

.debug_aranges  0x00000000      0x388
 *.elf(.debug_aranges)
 *(.debug_aranges)
 .debug_aranges
                0x00000000       0x20 d:/program files (x86)/microchip/xc32/v2.05/bin/bin/../../lib/gcc/pic32mx/4.8.3/../../../../pic32mx/lib/micromips\software-debug-break.o
 .debug_aranges
                0x00000020       0x20 build/PIC32MM0256_48pin/debug/clock_cfgBits_mm.o
 .debug_aranges
                0x00000040       0x18 build/PIC32MM0256_48pin/debug/clock_cfgBits_mz.o
 .debug_aranges
                0x00000058       0x20 build/PIC32MM0256_48pin/debug/netcom2.o
 .debug_aranges
                0x00000078       0x20 build/PIC32MM0256_48pin/debug/main.o
 .debug_aranges
                0x00000098       0x20 build/PIC32MM0256_48pin/debug/globals.o
 .debug_aranges
                0x000000b8       0x20 build/PIC32MM0256_48pin/debug/timer1.o
 .debug_aranges
                0x000000d8       0x20 build/PIC32MM0256_48pin/debug/core_fn.o
 .debug_aranges
                0x000000f8       0x20 build/PIC32MM0256_48pin/debug/_display/ili9341/disp9341.o
 .debug_aranges
                0x00000118       0x20 build/PIC32MM0256_48pin/debug/_display/ili9341/disp16_asm.o
 .debug_aranges
                0x00000138       0x18 build/PIC32MM0256_48pin/debug/_display/ssd1306/disp1306.o
 .debug_aranges
                0x00000150       0x20 build/PIC32MM0256_48pin/debug/_display/graphics.o
 .debug_aranges
                0x00000170       0x20 build/PIC32MM0256_48pin/debug/rtc.o
 .debug_aranges
                0x00000190       0x20 build/PIC32MM0256_48pin/debug/change_notif_mm.o
 .debug_aranges
                0x000001b0       0x20 build/PIC32MM0256_48pin/debug/spi.o
 .debug_aranges
                0x000001d0       0x20 build/PIC32MM0256_48pin/debug/portWriter.o
 .debug_aranges
                0x000001f0       0x18 build/PIC32MM0256_48pin/debug/_touchpad/touchXpt2046.o
 .debug_aranges
                0x00000208       0x20 build/PIC32MM0256_48pin/debug/periph.o
 .debug_aranges
                0x00000228       0x20 build/PIC32MM0256_48pin/debug/periph_fn.o
 .debug_aranges
                0x00000248       0x20 build/PIC32MM0256_48pin/debug/app1.o
 .debug_aranges
                0x00000268       0x20 build/PIC32MM0256_48pin/debug/app2.o
 .debug_aranges
                0x00000288       0x20 build/PIC32MM0256_48pin/debug/app3.o
 .debug_aranges
                0x000002a8       0x20 build/PIC32MM0256_48pin/debug/user_apps.o
 .debug_aranges
                0x000002c8       0x20 build/PIC32MM0256_48pin/debug/appNet.o
 .debug_aranges
                0x000002e8       0x20 d:/program files (x86)/microchip/xc32/v2.05/bin/bin/../../lib/gcc/pic32mx/4.8.3/../../../../pic32mx/lib/micromips\pic32_software_reset-mm.o
 .debug_aranges
                0x00000308       0x20 d:/program files (x86)/microchip/xc32/v2.05/bin/bin/../../lib/gcc/pic32mx/4.8.3/../../../../pic32mx/lib/micromips\libpic32.a(default-bootstrap-exception-handler.o)
 .debug_aranges
                0x00000328       0x20 d:/program files (x86)/microchip/xc32/v2.05/bin/bin/../../lib/gcc/pic32mx/4.8.3/../../../../pic32mx/lib/micromips\libpic32.a(default-on-reset.o)
 .debug_aranges
                0x00000348       0x20 d:/program files (x86)/microchip/xc32/v2.05/bin/bin/../../lib/gcc/pic32mx/4.8.3/../../../../pic32mx/lib/micromips\libpic32.a(default-on-bootstrap.o)
 .debug_aranges
                0x00000368       0x20 d:/program files (x86)/microchip/xc32/v2.05/bin/bin/../../lib/gcc/pic32mx/4.8.3/../../../../pic32mx/lib/micromips\libpic32.a(defaultinterrupt.o)

.debug_pubnames
 *.elf(.debug_pubnames)
 *(.debug_pubnames)

.debug_info     0x00000000    0x1916a
 *.elf(.debug_info .gnu.linkonce.wi.*)
 *(.debug_info .gnu.linkonce.wi.*)
 .debug_info    0x00000000       0xe2 d:/program files (x86)/microchip/xc32/v2.05/bin/bin/../../lib/gcc/pic32mx/4.8.3/../../../../pic32mx/lib/micromips\software-debug-break.o
 .debug_info    0x000000e2      0xf48 build/PIC32MM0256_48pin/debug/clock_cfgBits_mm.o
 .debug_info    0x0000102a      0xd03 build/PIC32MM0256_48pin/debug/clock_cfgBits_mz.o
 .debug_info    0x00001d2d     0x29a4 build/PIC32MM0256_48pin/debug/netcom2.o
 .debug_info    0x000046d1     0x16aa build/PIC32MM0256_48pin/debug/main.o
 .debug_info    0x00005d7b     0x105f build/PIC32MM0256_48pin/debug/globals.o
 .debug_info    0x00006dda       0x41 build/PIC32MM0256_48pin/debug/timer1.o
 .debug_info    0x00006e1b       0x42 build/PIC32MM0256_48pin/debug/core_fn.o
 .debug_info    0x00006e5d     0x2d5b build/PIC32MM0256_48pin/debug/_display/ili9341/disp9341.o
 .debug_info    0x00009bb8       0x56 build/PIC32MM0256_48pin/debug/_display/ili9341/disp16_asm.o
 .debug_info    0x00009c0e      0xd0c build/PIC32MM0256_48pin/debug/_display/ssd1306/disp1306.o
 .debug_info    0x0000a91a     0x1ad5 build/PIC32MM0256_48pin/debug/_display/graphics.o
 .debug_info    0x0000c3ef       0x3e build/PIC32MM0256_48pin/debug/rtc.o
 .debug_info    0x0000c42d       0x4a build/PIC32MM0256_48pin/debug/change_notif_mm.o
 .debug_info    0x0000c477     0x1ef5 build/PIC32MM0256_48pin/debug/spi.o
 .debug_info    0x0000e36c     0x132f build/PIC32MM0256_48pin/debug/portWriter.o
 .debug_info    0x0000f69b      0xd09 build/PIC32MM0256_48pin/debug/_touchpad/touchXpt2046.o
 .debug_info    0x000103a4      0xfbf build/PIC32MM0256_48pin/debug/periph.o
 .debug_info    0x00011363       0x44 build/PIC32MM0256_48pin/debug/periph_fn.o
 .debug_info    0x000113a7     0x26df build/PIC32MM0256_48pin/debug/app1.o
 .debug_info    0x00013a86      0xf85 build/PIC32MM0256_48pin/debug/app2.o
 .debug_info    0x00014a0b      0xf99 build/PIC32MM0256_48pin/debug/app3.o
 .debug_info    0x000159a4     0x170d build/PIC32MM0256_48pin/debug/user_apps.o
 .debug_info    0x000170b1     0x1c3a build/PIC32MM0256_48pin/debug/appNet.o
 .debug_info    0x00018ceb      0x106 d:/program files (x86)/microchip/xc32/v2.05/bin/bin/../../lib/gcc/pic32mx/4.8.3/../../../../pic32mx/lib/micromips\pic32_software_reset-mm.o
 .debug_info    0x00018df1       0xf3 d:/program files (x86)/microchip/xc32/v2.05/bin/bin/../../lib/gcc/pic32mx/4.8.3/../../../../pic32mx/lib/micromips\libpic32.a(default-bootstrap-exception-handler.o)
 .debug_info    0x00018ee4       0xcc d:/program files (x86)/microchip/xc32/v2.05/bin/bin/../../lib/gcc/pic32mx/4.8.3/../../../../pic32mx/lib/micromips\libpic32.a(default-on-reset.o)
 .debug_info    0x00018fb0       0xd4 d:/program files (x86)/microchip/xc32/v2.05/bin/bin/../../lib/gcc/pic32mx/4.8.3/../../../../pic32mx/lib/micromips\libpic32.a(default-on-bootstrap.o)
 .debug_info    0x00019084       0xe6 d:/program files (x86)/microchip/xc32/v2.05/bin/bin/../../lib/gcc/pic32mx/4.8.3/../../../../pic32mx/lib/micromips\libpic32.a(defaultinterrupt.o)

.debug_abbrev   0x00000000     0x253d
 *.elf(.debug_abbrev)
 *(.debug_abbrev)
 .debug_abbrev  0x00000000       0x28 d:/program files (x86)/microchip/xc32/v2.05/bin/bin/../../lib/gcc/pic32mx/4.8.3/../../../../pic32mx/lib/micromips\software-debug-break.o
 .debug_abbrev  0x00000028      0x176 build/PIC32MM0256_48pin/debug/clock_cfgBits_mm.o
 .debug_abbrev  0x0000019e       0xe5 build/PIC32MM0256_48pin/debug/clock_cfgBits_mz.o
 .debug_abbrev  0x00000283      0x302 build/PIC32MM0256_48pin/debug/netcom2.o
 .debug_abbrev  0x00000585      0x298 build/PIC32MM0256_48pin/debug/main.o
 .debug_abbrev  0x0000081d      0x1b1 build/PIC32MM0256_48pin/debug/globals.o
 .debug_abbrev  0x000009ce       0x14 build/PIC32MM0256_48pin/debug/timer1.o
 .debug_abbrev  0x000009e2       0x14 build/PIC32MM0256_48pin/debug/core_fn.o
 .debug_abbrev  0x000009f6      0x3b8 build/PIC32MM0256_48pin/debug/_display/ili9341/disp9341.o
 .debug_abbrev  0x00000dae       0x14 build/PIC32MM0256_48pin/debug/_display/ili9341/disp16_asm.o
 .debug_abbrev  0x00000dc2       0xe5 build/PIC32MM0256_48pin/debug/_display/ssd1306/disp1306.o
 .debug_abbrev  0x00000ea7      0x262 build/PIC32MM0256_48pin/debug/_display/graphics.o
 .debug_abbrev  0x00001109       0x14 build/PIC32MM0256_48pin/debug/rtc.o
 .debug_abbrev  0x0000111d       0x14 build/PIC32MM0256_48pin/debug/change_notif_mm.o
 .debug_abbrev  0x00001131      0x2bf build/PIC32MM0256_48pin/debug/spi.o
 .debug_abbrev  0x000013f0      0x1fc build/PIC32MM0256_48pin/debug/portWriter.o
 .debug_abbrev  0x000015ec       0xe5 build/PIC32MM0256_48pin/debug/_touchpad/touchXpt2046.o
 .debug_abbrev  0x000016d1      0x1b0 build/PIC32MM0256_48pin/debug/periph.o
 .debug_abbrev  0x00001881       0x14 build/PIC32MM0256_48pin/debug/periph_fn.o
 .debug_abbrev  0x00001895      0x2fd build/PIC32MM0256_48pin/debug/app1.o
 .debug_abbrev  0x00001b92      0x1d9 build/PIC32MM0256_48pin/debug/app2.o
 .debug_abbrev  0x00001d6b      0x229 build/PIC32MM0256_48pin/debug/app3.o
 .debug_abbrev  0x00001f94      0x25c build/PIC32MM0256_48pin/debug/user_apps.o
 .debug_abbrev  0x000021f0      0x299 build/PIC32MM0256_48pin/debug/appNet.o
 .debug_abbrev  0x00002489       0x14 d:/program files (x86)/microchip/xc32/v2.05/bin/bin/../../lib/gcc/pic32mx/4.8.3/../../../../pic32mx/lib/micromips\pic32_software_reset-mm.o
 .debug_abbrev  0x0000249d       0x28 d:/program files (x86)/microchip/xc32/v2.05/bin/bin/../../lib/gcc/pic32mx/4.8.3/../../../../pic32mx/lib/micromips\libpic32.a(default-bootstrap-exception-handler.o)
 .debug_abbrev  0x000024c5       0x28 d:/program files (x86)/microchip/xc32/v2.05/bin/bin/../../lib/gcc/pic32mx/4.8.3/../../../../pic32mx/lib/micromips\libpic32.a(default-on-reset.o)
 .debug_abbrev  0x000024ed       0x28 d:/program files (x86)/microchip/xc32/v2.05/bin/bin/../../lib/gcc/pic32mx/4.8.3/../../../../pic32mx/lib/micromips\libpic32.a(default-on-bootstrap.o)
 .debug_abbrev  0x00002515       0x28 d:/program files (x86)/microchip/xc32/v2.05/bin/bin/../../lib/gcc/pic32mx/4.8.3/../../../../pic32mx/lib/micromips\libpic32.a(defaultinterrupt.o)

.debug_line     0x00000000     0x2a98
 *.elf(.debug_line)
 *(.debug_line)
 .debug_line    0x00000000       0x98 d:/program files (x86)/microchip/xc32/v2.05/bin/bin/../../lib/gcc/pic32mx/4.8.3/../../../../pic32mx/lib/micromips\software-debug-break.o
 .debug_line    0x00000098      0x198 build/PIC32MM0256_48pin/debug/clock_cfgBits_mm.o
 .debug_line    0x00000230       0x97 build/PIC32MM0256_48pin/debug/clock_cfgBits_mz.o
 .debug_line    0x000002c7      0x443 build/PIC32MM0256_48pin/debug/netcom2.o
 .debug_line    0x0000070a      0x1e5 build/PIC32MM0256_48pin/debug/main.o
 .debug_line    0x000008ef      0x18f build/PIC32MM0256_48pin/debug/globals.o
 .debug_line    0x00000a7e       0xb2 build/PIC32MM0256_48pin/debug/timer1.o
 .debug_line    0x00000b30      0x44c build/PIC32MM0256_48pin/debug/core_fn.o
 .debug_line    0x00000f7c      0x3c2 build/PIC32MM0256_48pin/debug/_display/ili9341/disp9341.o
 .debug_line    0x0000133e      0x31f build/PIC32MM0256_48pin/debug/_display/ili9341/disp16_asm.o
 .debug_line    0x0000165d       0x97 build/PIC32MM0256_48pin/debug/_display/ssd1306/disp1306.o
 .debug_line    0x000016f4      0x14d build/PIC32MM0256_48pin/debug/_display/graphics.o
 .debug_line    0x00001841       0xeb build/PIC32MM0256_48pin/debug/rtc.o
 .debug_line    0x0000192c       0xe6 build/PIC32MM0256_48pin/debug/change_notif_mm.o
 .debug_line    0x00001a12      0x277 build/PIC32MM0256_48pin/debug/spi.o
 .debug_line    0x00001c89       0xe8 build/PIC32MM0256_48pin/debug/portWriter.o
 .debug_line    0x00001d71       0x97 build/PIC32MM0256_48pin/debug/_touchpad/touchXpt2046.o
 .debug_line    0x00001e08       0xea build/PIC32MM0256_48pin/debug/periph.o
 .debug_line    0x00001ef2       0x5f build/PIC32MM0256_48pin/debug/periph_fn.o
 .debug_line    0x00001f51      0x257 build/PIC32MM0256_48pin/debug/app1.o
 .debug_line    0x000021a8       0xde build/PIC32MM0256_48pin/debug/app2.o
 .debug_line    0x00002286      0x18f build/PIC32MM0256_48pin/debug/app3.o
 .debug_line    0x00002415      0x1db build/PIC32MM0256_48pin/debug/user_apps.o
 .debug_line    0x000025f0      0x182 build/PIC32MM0256_48pin/debug/appNet.o
 .debug_line    0x00002772       0xb5 d:/program files (x86)/microchip/xc32/v2.05/bin/bin/../../lib/gcc/pic32mx/4.8.3/../../../../pic32mx/lib/micromips\pic32_software_reset-mm.o
 .debug_line    0x00002827       0xa5 d:/program files (x86)/microchip/xc32/v2.05/bin/bin/../../lib/gcc/pic32mx/4.8.3/../../../../pic32mx/lib/micromips\libpic32.a(default-bootstrap-exception-handler.o)
 .debug_line    0x000028cc       0x92 d:/program files (x86)/microchip/xc32/v2.05/bin/bin/../../lib/gcc/pic32mx/4.8.3/../../../../pic32mx/lib/micromips\libpic32.a(default-on-reset.o)
 .debug_line    0x0000295e       0x96 d:/program files (x86)/microchip/xc32/v2.05/bin/bin/../../lib/gcc/pic32mx/4.8.3/../../../../pic32mx/lib/micromips\libpic32.a(default-on-bootstrap.o)
 .debug_line    0x000029f4       0xa4 d:/program files (x86)/microchip/xc32/v2.05/bin/bin/../../lib/gcc/pic32mx/4.8.3/../../../../pic32mx/lib/micromips\libpic32.a(defaultinterrupt.o)

.debug_frame    0x00000000     0x15b8
 *.elf(.debug_frame)
 *(.debug_frame)
 .debug_frame   0x00000000       0x20 d:/program files (x86)/microchip/xc32/v2.05/bin/bin/../../lib/gcc/pic32mx/4.8.3/../../../../pic32mx/lib/micromips\software-debug-break.o
 .debug_frame   0x00000020       0x50 build/PIC32MM0256_48pin/debug/clock_cfgBits_mm.o
 .debug_frame   0x00000070      0x444 build/PIC32MM0256_48pin/debug/netcom2.o
 .debug_frame   0x000004b4       0xcc build/PIC32MM0256_48pin/debug/main.o
 .debug_frame   0x00000580       0x88 build/PIC32MM0256_48pin/debug/globals.o
 .debug_frame   0x00000608      0x45c build/PIC32MM0256_48pin/debug/_display/ili9341/disp9341.o
 .debug_frame   0x00000a64       0xd0 build/PIC32MM0256_48pin/debug/_display/graphics.o
 .debug_frame   0x00000b34      0x240 build/PIC32MM0256_48pin/debug/spi.o
 .debug_frame   0x00000d74      0x104 build/PIC32MM0256_48pin/debug/portWriter.o
 .debug_frame   0x00000e78       0xf0 build/PIC32MM0256_48pin/debug/periph.o
 .debug_frame   0x00000f68      0x2c0 build/PIC32MM0256_48pin/debug/app1.o
 .debug_frame   0x00001228       0xa4 build/PIC32MM0256_48pin/debug/app2.o
 .debug_frame   0x000012cc       0x9c build/PIC32MM0256_48pin/debug/app3.o
 .debug_frame   0x00001368       0xdc build/PIC32MM0256_48pin/debug/user_apps.o
 .debug_frame   0x00001444       0xe8 build/PIC32MM0256_48pin/debug/appNet.o
 .debug_frame   0x0000152c       0x2c d:/program files (x86)/microchip/xc32/v2.05/bin/bin/../../lib/gcc/pic32mx/4.8.3/../../../../pic32mx/lib/micromips\libpic32.a(default-bootstrap-exception-handler.o)
 .debug_frame   0x00001558       0x20 d:/program files (x86)/microchip/xc32/v2.05/bin/bin/../../lib/gcc/pic32mx/4.8.3/../../../../pic32mx/lib/micromips\libpic32.a(default-on-reset.o)
 .debug_frame   0x00001578       0x20 d:/program files (x86)/microchip/xc32/v2.05/bin/bin/../../lib/gcc/pic32mx/4.8.3/../../../../pic32mx/lib/micromips\libpic32.a(default-on-bootstrap.o)
 .debug_frame   0x00001598       0x20 d:/program files (x86)/microchip/xc32/v2.05/bin/bin/../../lib/gcc/pic32mx/4.8.3/../../../../pic32mx/lib/micromips\libpic32.a(defaultinterrupt.o)

.debug_str      0x00000000      0x60e
 *.elf(.debug_str)
 *(.debug_str)
 .debug_str     0x00000000        0x0 d:/program files (x86)/microchip/xc32/v2.05/bin/bin/../../lib/gcc/pic32mx/4.8.3/../../../../pic32mx/lib/micromips\software-debug-break.o
 .debug_str     0x00000000       0x2e build/PIC32MM0256_48pin/debug/clock_cfgBits_mm.o
 .debug_str     0x0000002e       0x2e build/PIC32MM0256_48pin/debug/clock_cfgBits_mz.o
 .debug_str     0x0000005c       0x48 build/PIC32MM0256_48pin/debug/netcom2.o
 .debug_str     0x000000a4       0x6f build/PIC32MM0256_48pin/debug/main.o
 .debug_str     0x00000113       0x41 build/PIC32MM0256_48pin/debug/globals.o
 .debug_str     0x00000154      0x14c build/PIC32MM0256_48pin/debug/_display/ili9341/disp9341.o
 .debug_str     0x000002a0       0x2e build/PIC32MM0256_48pin/debug/_display/ssd1306/disp1306.o
 .debug_str     0x000002ce       0xb9 build/PIC32MM0256_48pin/debug/_display/graphics.o
 .debug_str     0x00000387       0x4b build/PIC32MM0256_48pin/debug/spi.o
 .debug_str     0x000003d2       0x69 build/PIC32MM0256_48pin/debug/portWriter.o
 .debug_str     0x0000043b       0x2e build/PIC32MM0256_48pin/debug/_touchpad/touchXpt2046.o
 .debug_str     0x00000469       0x2e build/PIC32MM0256_48pin/debug/periph.o
 .debug_str     0x00000497       0x7a build/PIC32MM0256_48pin/debug/app1.o
 .debug_str     0x00000511       0x2e build/PIC32MM0256_48pin/debug/app2.o
 .debug_str     0x0000053f       0x3d build/PIC32MM0256_48pin/debug/app3.o
 .debug_str     0x0000057c       0x44 build/PIC32MM0256_48pin/debug/user_apps.o
 .debug_str     0x000005c0       0x4e build/PIC32MM0256_48pin/debug/appNet.o
 .debug_str     0x0000060e        0x0 d:/program files (x86)/microchip/xc32/v2.05/bin/bin/../../lib/gcc/pic32mx/4.8.3/../../../../pic32mx/lib/micromips\libpic32.a(default-bootstrap-exception-handler.o)
 .debug_str     0x0000060e        0x0 d:/program files (x86)/microchip/xc32/v2.05/bin/bin/../../lib/gcc/pic32mx/4.8.3/../../../../pic32mx/lib/micromips\libpic32.a(default-on-reset.o)
 .debug_str     0x0000060e        0x0 d:/program files (x86)/microchip/xc32/v2.05/bin/bin/../../lib/gcc/pic32mx/4.8.3/../../../../pic32mx/lib/micromips\libpic32.a(default-on-bootstrap.o)
 .debug_str     0x0000060e        0x0 d:/program files (x86)/microchip/xc32/v2.05/bin/bin/../../lib/gcc/pic32mx/4.8.3/../../../../pic32mx/lib/micromips\libpic32.a(defaultinterrupt.o)

.debug_loc      0x00000000     0x5b47
 *.elf(.debug_loc)
 *(.debug_loc)
 .debug_loc     0x00000000       0xdc build/PIC32MM0256_48pin/debug/clock_cfgBits_mm.o
 .debug_loc     0x000000dc     0x1033 build/PIC32MM0256_48pin/debug/netcom2.o
 .debug_loc     0x0000110f      0x48e build/PIC32MM0256_48pin/debug/main.o
 .debug_loc     0x0000159d       0xf3 build/PIC32MM0256_48pin/debug/globals.o
 .debug_loc     0x00001690     0x1b36 build/PIC32MM0256_48pin/debug/_display/ili9341/disp9341.o
 .debug_loc     0x000031c6      0x45d build/PIC32MM0256_48pin/debug/_display/graphics.o
 .debug_loc     0x00003623      0x958 build/PIC32MM0256_48pin/debug/spi.o
 .debug_loc     0x00003f7b      0x50b build/PIC32MM0256_48pin/debug/portWriter.o
 .debug_loc     0x00004486      0x2f1 build/PIC32MM0256_48pin/debug/periph.o
 .debug_loc     0x00004777      0xb5d build/PIC32MM0256_48pin/debug/app1.o
 .debug_loc     0x000052d4      0x1fc build/PIC32MM0256_48pin/debug/app2.o
 .debug_loc     0x000054d0      0x14b build/PIC32MM0256_48pin/debug/app3.o
 .debug_loc     0x0000561b      0x233 build/PIC32MM0256_48pin/debug/user_apps.o
 .debug_loc     0x0000584e      0x2cd build/PIC32MM0256_48pin/debug/appNet.o
 .debug_loc     0x00005b1b       0x2c d:/program files (x86)/microchip/xc32/v2.05/bin/bin/../../lib/gcc/pic32mx/4.8.3/../../../../pic32mx/lib/micromips\libpic32.a(default-bootstrap-exception-handler.o)

.debug_macinfo
 *.elf(.debug_macinfo)
 *(.debug_macinfo)

.debug_weaknames
 *.elf(.debug_weaknames)
 *(.debug_weaknames)

.debug_funcnames
 *.elf(.debug_funcnames)
 *(.debug_funcnames)

.debug_typenames
 *.elf(.debug_typenames)
 *(.debug_typenames)

.debug_varnames
 *.elf(.debug_varnames)
 *(.debug_varnames)

.debug_pubtypes
 *.elf(.debug_pubtypes)
 *(.debug_pubtypes)

.debug_ranges   0x00000000       0x50
 *.elf(.debug_ranges)
 *(.debug_ranges)
 .debug_ranges  0x00000000       0x10 d:/program files (x86)/microchip/xc32/v2.05/bin/bin/../../lib/gcc/pic32mx/4.8.3/../../../../pic32mx/lib/micromips\software-debug-break.o
 .debug_ranges  0x00000010       0x10 d:/program files (x86)/microchip/xc32/v2.05/bin/bin/../../lib/gcc/pic32mx/4.8.3/../../../../pic32mx/lib/micromips\libpic32.a(default-bootstrap-exception-handler.o)
 .debug_ranges  0x00000020       0x10 d:/program files (x86)/microchip/xc32/v2.05/bin/bin/../../lib/gcc/pic32mx/4.8.3/../../../../pic32mx/lib/micromips\libpic32.a(default-on-reset.o)
 .debug_ranges  0x00000030       0x10 d:/program files (x86)/microchip/xc32/v2.05/bin/bin/../../lib/gcc/pic32mx/4.8.3/../../../../pic32mx/lib/micromips\libpic32.a(default-on-bootstrap.o)
 .debug_ranges  0x00000040       0x10 d:/program files (x86)/microchip/xc32/v2.05/bin/bin/../../lib/gcc/pic32mx/4.8.3/../../../../pic32mx/lib/micromips\libpic32.a(defaultinterrupt.o)

.gnu.attributes
                0x00000000       0x10
 *(.gnu.attributes)
 .gnu.attributes
                0x00000000       0x10 d:/program files (x86)/microchip/xc32/v2.05/bin/bin/../../lib/gcc/pic32mx/4.8.3/../../../../pic32mx/lib/micromips\software-debug-break.o
 .gnu.attributes
                0x00000010       0x10 build/PIC32MM0256_48pin/debug/clock_cfgBits_mm.o
 .gnu.attributes
                0x00000020       0x10 build/PIC32MM0256_48pin/debug/clock_cfgBits_mz.o
 .gnu.attributes
                0x00000030       0x10 build/PIC32MM0256_48pin/debug/netcom2.o
 .gnu.attributes
                0x00000040       0x10 build/PIC32MM0256_48pin/debug/main.o
 .gnu.attributes
                0x00000050       0x10 build/PIC32MM0256_48pin/debug/globals.o
 .gnu.attributes
                0x00000060       0x10 build/PIC32MM0256_48pin/debug/_display/ili9341/disp9341.o
 .gnu.attributes
                0x00000070       0x10 build/PIC32MM0256_48pin/debug/_display/ssd1306/disp1306.o
 .gnu.attributes
                0x00000080       0x10 build/PIC32MM0256_48pin/debug/_display/graphics.o
 .gnu.attributes
                0x00000090       0x10 build/PIC32MM0256_48pin/debug/spi.o
 .gnu.attributes
                0x000000a0       0x10 build/PIC32MM0256_48pin/debug/portWriter.o
 .gnu.attributes